Archive member included to satisfy reference by file (symbol)

/usr/lib/gcc/arm-none-eabi/8.3.1/../../../arm-none-eabi/lib/thumb/v7-m/nofp/libg.a(lib_a-atexit.o)
                              /usr/lib/gcc/arm-none-eabi/8.3.1/../../../arm-none-eabi/lib/thumb/v7-m/nofp/crt0.o (atexit)
/usr/lib/gcc/arm-none-eabi/8.3.1/../../../arm-none-eabi/lib/thumb/v7-m/nofp/libg.a(lib_a-exit.o)
                              /usr/lib/gcc/arm-none-eabi/8.3.1/../../../arm-none-eabi/lib/thumb/v7-m/nofp/crt0.o (exit)
/usr/lib/gcc/arm-none-eabi/8.3.1/../../../arm-none-eabi/lib/thumb/v7-m/nofp/libg.a(lib_a-fini.o)
                              /usr/lib/gcc/arm-none-eabi/8.3.1/../../../arm-none-eabi/lib/thumb/v7-m/nofp/crt0.o (__libc_fini_array)
/usr/lib/gcc/arm-none-eabi/8.3.1/../../../arm-none-eabi/lib/thumb/v7-m/nofp/libg.a(lib_a-impure.o)
                              /usr/lib/gcc/arm-none-eabi/8.3.1/../../../arm-none-eabi/lib/thumb/v7-m/nofp/libg.a(lib_a-exit.o) (_global_impure_ptr)
/usr/lib/gcc/arm-none-eabi/8.3.1/../../../arm-none-eabi/lib/thumb/v7-m/nofp/libg.a(lib_a-init.o)
                              /usr/lib/gcc/arm-none-eabi/8.3.1/../../../arm-none-eabi/lib/thumb/v7-m/nofp/crt0.o (__libc_init_array)
/usr/lib/gcc/arm-none-eabi/8.3.1/../../../arm-none-eabi/lib/thumb/v7-m/nofp/libg.a(lib_a-memset.o)
                              /usr/lib/gcc/arm-none-eabi/8.3.1/../../../arm-none-eabi/lib/thumb/v7-m/nofp/crt0.o (memset)
/usr/lib/gcc/arm-none-eabi/8.3.1/../../../arm-none-eabi/lib/thumb/v7-m/nofp/libg.a(lib_a-__atexit.o)
                              /usr/lib/gcc/arm-none-eabi/8.3.1/../../../arm-none-eabi/lib/thumb/v7-m/nofp/libg.a(lib_a-atexit.o) (__register_exitproc)
/usr/lib/gcc/arm-none-eabi/8.3.1/../../../arm-none-eabi/lib/thumb/v7-m/nofp/libg.a(lib_a-__call_atexit.o)
                              /usr/lib/gcc/arm-none-eabi/8.3.1/../../../arm-none-eabi/lib/thumb/v7-m/nofp/libg.a(lib_a-exit.o) (__call_exitprocs)

Discarded input sections

 .text          0x0000000000000000        0x0 /usr/lib/gcc/arm-none-eabi/8.3.1/thumb/v7-m/nofp/crti.o
 .data          0x0000000000000000        0x0 /usr/lib/gcc/arm-none-eabi/8.3.1/thumb/v7-m/nofp/crti.o
 .bss           0x0000000000000000        0x0 /usr/lib/gcc/arm-none-eabi/8.3.1/thumb/v7-m/nofp/crti.o
 .data          0x0000000000000000        0x4 /usr/lib/gcc/arm-none-eabi/8.3.1/thumb/v7-m/nofp/crtbegin.o
 .text          0x0000000000000000       0x70 /usr/lib/gcc/arm-none-eabi/8.3.1/../../../arm-none-eabi/lib/thumb/v7-m/nofp/crt0.o
 .data          0x0000000000000000        0x0 /usr/lib/gcc/arm-none-eabi/8.3.1/../../../arm-none-eabi/lib/thumb/v7-m/nofp/crt0.o
 .bss           0x0000000000000000        0x0 /usr/lib/gcc/arm-none-eabi/8.3.1/../../../arm-none-eabi/lib/thumb/v7-m/nofp/crt0.o
 .ARM.extab     0x0000000000000000        0x0 /usr/lib/gcc/arm-none-eabi/8.3.1/../../../arm-none-eabi/lib/thumb/v7-m/nofp/crt0.o
 .ARM.exidx     0x0000000000000000       0x10 /usr/lib/gcc/arm-none-eabi/8.3.1/../../../arm-none-eabi/lib/thumb/v7-m/nofp/crt0.o
 .debug_line    0x0000000000000000       0x87 /usr/lib/gcc/arm-none-eabi/8.3.1/../../../arm-none-eabi/lib/thumb/v7-m/nofp/crt0.o
 .debug_info    0x0000000000000000       0x26 /usr/lib/gcc/arm-none-eabi/8.3.1/../../../arm-none-eabi/lib/thumb/v7-m/nofp/crt0.o
 .debug_abbrev  0x0000000000000000       0x14 /usr/lib/gcc/arm-none-eabi/8.3.1/../../../arm-none-eabi/lib/thumb/v7-m/nofp/crt0.o
 .debug_aranges
                0x0000000000000000       0x20 /usr/lib/gcc/arm-none-eabi/8.3.1/../../../arm-none-eabi/lib/thumb/v7-m/nofp/crt0.o
 .debug_str     0x0000000000000000       0x97 /usr/lib/gcc/arm-none-eabi/8.3.1/../../../arm-none-eabi/lib/thumb/v7-m/nofp/crt0.o
 .ARM.attributes
                0x0000000000000000       0x1b /usr/lib/gcc/arm-none-eabi/8.3.1/../../../arm-none-eabi/lib/thumb/v7-m/nofp/crt0.o
 .text          0x0000000000000000        0x0 CMakeFiles/cube.elf.dir/Core/Src/main.c.obj
 .data          0x0000000000000000        0x0 CMakeFiles/cube.elf.dir/Core/Src/main.c.obj
 .bss           0x0000000000000000        0x0 CMakeFiles/cube.elf.dir/Core/Src/main.c.obj
 .text          0x0000000000000000        0x0 CMakeFiles/cube.elf.dir/Core/Src/sid.c.obj
 .data          0x0000000000000000        0x0 CMakeFiles/cube.elf.dir/Core/Src/sid.c.obj
 .bss           0x0000000000000000        0x0 CMakeFiles/cube.elf.dir/Core/Src/sid.c.obj
 .text          0x0000000000000000        0x0 CMakeFiles/cube.elf.dir/Core/Src/stm32f1xx_hal_msp.c.obj
 .data          0x0000000000000000        0x0 CMakeFiles/cube.elf.dir/Core/Src/stm32f1xx_hal_msp.c.obj
 .bss           0x0000000000000000        0x0 CMakeFiles/cube.elf.dir/Core/Src/stm32f1xx_hal_msp.c.obj
 .text.HAL_TIM_Base_MspDeInit
                0x0000000000000000       0x4c CMakeFiles/cube.elf.dir/Core/Src/stm32f1xx_hal_msp.c.obj
 .text          0x0000000000000000        0x0 CMakeFiles/cube.elf.dir/Core/Src/stm32f1xx_hal_timebase_tim.c.obj
[...]
Memory Configuration

Name             Origin             Length             Attributes
RAM              0x0000000020000000 0x0000000000005000 xrw
FLASH            0x0000000008000000 0x0000000000010000 xr
*default*        0x0000000000000000 0xffffffffffffffff

Linker script and memory map

LOAD /usr/lib/gcc/arm-none-eabi/8.3.1/thumb/v7-m/nofp/crti.o
LOAD /usr/lib/gcc/arm-none-eabi/8.3.1/thumb/v7-m/nofp/crtbegin.o
LOAD /usr/lib/gcc/arm-none-eabi/8.3.1/../../../arm-none-eabi/lib/thumb/v7-m/nofp/crt0.o
LOAD CMakeFiles/cube.elf.dir/Core/Src/main.c.obj
LOAD CMakeFiles/cube.elf.dir/Core/Src/sid.c.obj
LOAD CMakeFiles/cube.elf.dir/Core/Src/stm32f1xx_hal_msp.c.obj
LOAD CMakeFiles/cube.elf.dir/Core/Src/stm32f1xx_hal_timebase_tim.c.obj
LOAD CMakeFiles/cube.elf.dir/Core/Src/stm32f1xx_it.c.obj
LOAD CMakeFiles/cube.elf.dir/Core/Src/system_stm32f1xx.c.obj
LOAD CMakeFiles/cube.elf.dir/Core/Startup/startup_stm32f103c8tx.s.obj
LOAD CMakeFiles/cube.elf.dir/Drivers/STM32F1xx_HAL_Driver/Src/stm32f1xx_hal.c.obj
LOAD CMakeFiles/cube.elf.dir/Drivers/STM32F1xx_HAL_Driver/Src/stm32f1xx_hal_cortex.c.obj
LOAD CMakeFiles/cube.elf.dir/Drivers/STM32F1xx_HAL_Driver/Src/stm32f1xx_hal_dma.c.obj
LOAD CMakeFiles/cube.elf.dir/Drivers/STM32F1xx_HAL_Driver/Src/stm32f1xx_hal_exti.c.obj
LOAD CMakeFiles/cube.elf.dir/Drivers/STM32F1xx_HAL_Driver/Src/stm32f1xx_hal_flash.c.obj
LOAD CMakeFiles/cube.elf.dir/Drivers/STM32F1xx_HAL_Driver/Src/stm32f1xx_hal_flash_ex.c.obj
LOAD CMakeFiles/cube.elf.dir/Drivers/STM32F1xx_HAL_Driver/Src/stm32f1xx_hal_gpio.c.obj
LOAD CMakeFiles/cube.elf.dir/Drivers/STM32F1xx_HAL_Driver/Src/stm32f1xx_hal_gpio_ex.c.obj
LOAD CMakeFiles/cube.elf.dir/Drivers/STM32F1xx_HAL_Driver/Src/stm32f1xx_hal_pwr.c.obj
LOAD CMakeFiles/cube.elf.dir/Drivers/STM32F1xx_HAL_Driver/Src/stm32f1xx_hal_rcc.c.obj
LOAD CMakeFiles/cube.elf.dir/Drivers/STM32F1xx_HAL_Driver/Src/stm32f1xx_hal_rcc_ex.c.obj
LOAD CMakeFiles/cube.elf.dir/Drivers/STM32F1xx_HAL_Driver/Src/stm32f1xx_hal_tim.c.obj
LOAD CMakeFiles/cube.elf.dir/Drivers/STM32F1xx_HAL_Driver/Src/stm32f1xx_hal_tim_ex.c.obj
START GROUP
LOAD /usr/lib/gcc/arm-none-eabi/8.3.1/thumb/v7-m/nofp/libgcc.a
LOAD /usr/lib/gcc/arm-none-eabi/8.3.1/../../../arm-none-eabi/lib/thumb/v7-m/nofp/libg.a
LOAD /usr/lib/gcc/arm-none-eabi/8.3.1/../../../arm-none-eabi/lib/thumb/v7-m/nofp/libc.a
END GROUP
LOAD /usr/lib/gcc/arm-none-eabi/8.3.1/thumb/v7-m/nofp/crtend.o
LOAD /usr/lib/gcc/arm-none-eabi/8.3.1/thumb/v7-m/nofp/crtn.o
                0x0000000020005000                _estack = (ORIGIN (RAM) + LENGTH (RAM))
                0x0000000000000200                _Min_Heap_Size = 0x200
                0x0000000000000400                _Min_Stack_Size = 0x400

.isr_vector     0x0000000008000000      0x10c
                0x0000000008000000                . = ALIGN (0x4)
 *(.isr_vector)
 .isr_vector    0x0000000008000000      0x10c CMakeFiles/cube.elf.dir/Core/Startup/startup_stm32f103c8tx.s.obj
                0x0000000008000000                g_pfnVectors
                0x000000000800010c                . = ALIGN (0x4)

.text           0x000000000800010c     0x20f4
                0x000000000800010c                . = ALIGN (0x4)
 *(.text)
 .text          0x000000000800010c       0x88 /usr/lib/gcc/arm-none-eabi/8.3.1/thumb/v7-m/nofp/crtbegin.o
 .text          0x0000000008000194        0xc /usr/lib/gcc/arm-none-eabi/8.3.1/../../../arm-none-eabi/lib/thumb/v7-m/nofp/libg.a(lib_a-atexit.o)
                0x0000000008000194                atexit
 .text          0x00000000080001a0       0x34 /usr/lib/gcc/arm-none-eabi/8.3.1/../../../arm-none-eabi/lib/thumb/v7-m/nofp/libg.a(lib_a-fini.o)
                0x00000000080001a0                __libc_fini_array
 .text          0x00000000080001d4       0x48 /usr/lib/gcc/arm-none-eabi/8.3.1/../../../arm-none-eabi/lib/thumb/v7-m/nofp/libg.a(lib_a-init.o)
                0x00000000080001d4                __libc_init_array
 .text          0x000000000800021c       0xa0 /usr/lib/gcc/arm-none-eabi/8.3.1/../../../arm-none-eabi/lib/thumb/v7-m/nofp/libg.a(lib_a-memset.o)
                0x000000000800021c                memset
 .text          0x00000000080002bc       0x64 /usr/lib/gcc/arm-none-eabi/8.3.1/../../../arm-none-eabi/lib/thumb/v7-m/nofp/libg.a(lib_a-__atexit.o)
                0x00000000080002bc                __register_exitproc
 *(.text*)
 .text.main     0x0000000008000320       0x54 CMakeFiles/cube.elf.dir/Core/Src/main.c.obj
                0x0000000008000320                main
 .text.SystemClock_Config
                0x0000000008000374       0x82 CMakeFiles/cube.elf.dir/Core/Src/main.c.obj
                0x0000000008000374                SystemClock_Config
 *fill*         0x00000000080003f6        0x2 
 .text.MX_TIM1_Init
                0x00000000080003f8       0xa8 CMakeFiles/cube.elf.dir/Core/Src/main.c.obj
 .text.MX_TIM2_Init
                0x00000000080004a0       0x98 CMakeFiles/cube.elf.dir/Core/Src/main.c.obj
 .text.MX_GPIO_Init
                0x0000000008000538      0x120 CMakeFiles/cube.elf.dir/Core/Src/main.c.obj
 .text.HAL_TIM_PeriodElapsedCallback
                0x0000000008000658       0x24 CMakeFiles/cube.elf.dir/Core/Src/main.c.obj
                0x0000000008000658                HAL_TIM_PeriodElapsedCallback
 .text.Error_Handler
                0x000000000800067c        0xc CMakeFiles/cube.elf.dir/Core/Src/main.c.obj
                0x000000000800067c                Error_Handler
 .text.sidwait  0x0000000008000688       0x2c CMakeFiles/cube.elf.dir/Core/Src/sid.c.obj
                0x0000000008000688                sidwait
 .text.sidwrite
                0x00000000080006b4      0x11c CMakeFiles/cube.elf.dir/Core/Src/sid.c.obj
                0x00000000080006b4                sidwrite
 .text.sidwrite16
                0x00000000080007d0       0x36 CMakeFiles/cube.elf.dir/Core/Src/sid.c.obj
                0x00000000080007d0                sidwrite16
 .text.sidplay  0x0000000008000806      0x1b6 CMakeFiles/cube.elf.dir/Core/Src/sid.c.obj
                0x0000000008000806                sidplay
 .text.HAL_MspInit
                0x00000000080009bc       0x64 CMakeFiles/cube.elf.dir/Core/Src/stm32f1xx_hal_msp.c.obj
                0x00000000080009bc                HAL_MspInit
 .text.HAL_TIM_Base_MspInit
                0x0000000008000a20       0x70 CMakeFiles/cube.elf.dir/Core/Src/stm32f1xx_hal_msp.c.obj
                0x0000000008000a20                HAL_TIM_Base_MspInit
 .text.HAL_InitTick
                0x0000000008000a90       0xac CMakeFiles/cube.elf.dir/Core/Src/stm32f1xx_hal_timebase_tim.c.obj
                0x0000000008000a90                HAL_InitTick
 .text.NMI_Handler
                0x0000000008000b3c        0xc CMakeFiles/cube.elf.dir/Core/Src/stm32f1xx_it.c.obj
                0x0000000008000b3c                NMI_Handler
 .text.HardFault_Handler
                0x0000000008000b48        0x6 CMakeFiles/cube.elf.dir/Core/Src/stm32f1xx_it.c.obj
                0x0000000008000b48                HardFault_Handler
 .text.MemManage_Handler
                0x0000000008000b4e        0x6 CMakeFiles/cube.elf.dir/Core/Src/stm32f1xx_it.c.obj
                0x0000000008000b4e                MemManage_Handler
 .text.BusFault_Handler
                0x0000000008000b54        0x6 CMakeFiles/cube.elf.dir/Core/Src/stm32f1xx_it.c.obj
                0x0000000008000b54                BusFault_Handler
 .text.UsageFault_Handler
                0x0000000008000b5a        0x6 CMakeFiles/cube.elf.dir/Core/Src/stm32f1xx_it.c.obj
                0x0000000008000b5a                UsageFault_Handler
 .text.SVC_Handler
                0x0000000008000b60        0xc CMakeFiles/cube.elf.dir/Core/Src/stm32f1xx_it.c.obj
                0x0000000008000b60                SVC_Handler
 .text.DebugMon_Handler
                0x0000000008000b6c        0xc CMakeFiles/cube.elf.dir/Core/Src/stm32f1xx_it.c.obj
                0x0000000008000b6c                DebugMon_Handler
 .text.PendSV_Handler
                0x0000000008000b78        0xc CMakeFiles/cube.elf.dir/Core/Src/stm32f1xx_it.c.obj
                0x0000000008000b78                PendSV_Handler
 .text.SysTick_Handler
                0x0000000008000b84        0xc CMakeFiles/cube.elf.dir/Core/Src/stm32f1xx_it.c.obj
                0x0000000008000b84                SysTick_Handler
 .text.TIM1_UP_IRQHandler
                0x0000000008000b90       0x20 CMakeFiles/cube.elf.dir/Core/Src/stm32f1xx_it.c.obj
                0x0000000008000b90                TIM1_UP_IRQHandler
 .text.TIM4_IRQHandler
                0x0000000008000bb0       0x14 CMakeFiles/cube.elf.dir/Core/Src/stm32f1xx_it.c.obj
                0x0000000008000bb0                TIM4_IRQHandler
 .text.SystemInit
                0x0000000008000bc4       0x68 CMakeFiles/cube.elf.dir/Core/Src/system_stm32f1xx.c.obj
                0x0000000008000bc4                SystemInit
 .text.Reset_Handler
                0x0000000008000c2c       0x48 CMakeFiles/cube.elf.dir/Core/Startup/startup_stm32f103c8tx.s.obj
                0x0000000008000c2c                Reset_Handler
 .text.Default_Handler
                0x0000000008000c74        0x2 CMakeFiles/cube.elf.dir/Core/Startup/startup_stm32f103c8tx.s.obj
                0x0000000008000c74                RTC_Alarm_IRQHandler
                0x0000000008000c74                EXTI2_IRQHandler
                0x0000000008000c74                TIM1_CC_IRQHandler
                0x0000000008000c74                PVD_IRQHandler
                0x0000000008000c74                EXTI3_IRQHandler
                0x0000000008000c74                EXTI0_IRQHandler
                0x0000000008000c74                I2C2_EV_IRQHandler
                0x0000000008000c74                ADC1_2_IRQHandler
                0x0000000008000c74                SPI1_IRQHandler
                0x0000000008000c74                TAMPER_IRQHandler
                0x0000000008000c74                DMA1_Channel4_IRQHandler
                0x0000000008000c74                USART3_IRQHandler
                0x0000000008000c74                RTC_IRQHandler
                0x0000000008000c74                DMA1_Channel7_IRQHandler
                0x0000000008000c74                CAN1_RX1_IRQHandler
                0x0000000008000c74                I2C1_EV_IRQHandler
                0x0000000008000c74                DMA1_Channel6_IRQHandler
                0x0000000008000c74                TIM3_IRQHandler
                0x0000000008000c74                RCC_IRQHandler
                0x0000000008000c74                TIM1_TRG_COM_IRQHandler
                0x0000000008000c74                DMA1_Channel1_IRQHandler
                0x0000000008000c74                Default_Handler
                0x0000000008000c74                EXTI15_10_IRQHandler
                0x0000000008000c74                EXTI9_5_IRQHandler
                0x0000000008000c74                SPI2_IRQHandler
                0x0000000008000c74                DMA1_Channel5_IRQHandler
                0x0000000008000c74                EXTI4_IRQHandler
                0x0000000008000c74                USB_LP_CAN1_RX0_IRQHandler
                0x0000000008000c74                USB_HP_CAN1_TX_IRQHandler
                0x0000000008000c74                DMA1_Channel3_IRQHandler
                0x0000000008000c74                WWDG_IRQHandler
                0x0000000008000c74                TIM2_IRQHandler
                0x0000000008000c74                TIM1_BRK_IRQHandler
                0x0000000008000c74                EXTI1_IRQHandler
                0x0000000008000c74                USART2_IRQHandler
                0x0000000008000c74                I2C2_ER_IRQHandler
                0x0000000008000c74                DMA1_Channel2_IRQHandler
                0x0000000008000c74                CAN1_SCE_IRQHandler
                0x0000000008000c74                FLASH_IRQHandler
                0x0000000008000c74                USART1_IRQHandler
                0x0000000008000c74                I2C1_ER_IRQHandler
                0x0000000008000c74                USBWakeUp_IRQHandler
 *fill*         0x0000000008000c76        0x2 
 .text.HAL_Init
                0x0000000008000c78       0x2c CMakeFiles/cube.elf.dir/Drivers/STM32F1xx_HAL_Driver/Src/stm32f1xx_hal.c.obj
                0x0000000008000c78                HAL_Init
 .text.HAL_IncTick
                0x0000000008000ca4       0x24 CMakeFiles/cube.elf.dir/Drivers/STM32F1xx_HAL_Driver/Src/stm32f1xx_hal.c.obj
                0x0000000008000ca4                HAL_IncTick
 .text.HAL_GetTick
                0x0000000008000cc8       0x14 CMakeFiles/cube.elf.dir/Drivers/STM32F1xx_HAL_Driver/Src/stm32f1xx_hal.c.obj
                0x0000000008000cc8                HAL_GetTick
 .text.HAL_Delay
                0x0000000008000cdc       0x44 CMakeFiles/cube.elf.dir/Drivers/STM32F1xx_HAL_Driver/Src/stm32f1xx_hal.c.obj
                0x0000000008000cdc                HAL_Delay
 .text.__NVIC_SetPriorityGrouping
                0x0000000008000d20       0x48 CMakeFiles/cube.elf.dir/Drivers/STM32F1xx_HAL_Driver/Src/stm32f1xx_hal_cortex.c.obj
 .text.__NVIC_GetPriorityGrouping
                0x0000000008000d68       0x1c CMakeFiles/cube.elf.dir/Drivers/STM32F1xx_HAL_Driver/Src/stm32f1xx_hal_cortex.c.obj
 .text.__NVIC_EnableIRQ
                0x0000000008000d84       0x38 CMakeFiles/cube.elf.dir/Drivers/STM32F1xx_HAL_Driver/Src/stm32f1xx_hal_cortex.c.obj
 .text.__NVIC_SetPriority
                0x0000000008000dbc       0x54 CMakeFiles/cube.elf.dir/Drivers/STM32F1xx_HAL_Driver/Src/stm32f1xx_hal_cortex.c.obj
 .text.NVIC_EncodePriority
                0x0000000008000e10       0x64 CMakeFiles/cube.elf.dir/Drivers/STM32F1xx_HAL_Driver/Src/stm32f1xx_hal_cortex.c.obj
 .text.HAL_NVIC_SetPriorityGrouping
                0x0000000008000e74       0x16 CMakeFiles/cube.elf.dir/Drivers/STM32F1xx_HAL_Driver/Src/stm32f1xx_hal_cortex.c.obj
                0x0000000008000e74                HAL_NVIC_SetPriorityGrouping
 .text.HAL_NVIC_SetPriority
                0x0000000008000e8a       0x38 CMakeFiles/cube.elf.dir/Drivers/STM32F1xx_HAL_Driver/Src/stm32f1xx_hal_cortex.c.obj
                0x0000000008000e8a                HAL_NVIC_SetPriority
 .text.HAL_NVIC_EnableIRQ
                0x0000000008000ec2       0x1c CMakeFiles/cube.elf.dir/Drivers/STM32F1xx_HAL_Driver/Src/stm32f1xx_hal_cortex.c.obj
                0x0000000008000ec2                HAL_NVIC_EnableIRQ
 *fill*         0x0000000008000ede        0x2 
 .text.HAL_GPIO_Init
                0x0000000008000ee0      0x2b4 CMakeFiles/cube.elf.dir/Drivers/STM32F1xx_HAL_Driver/Src/stm32f1xx_hal_gpio.c.obj
                0x0000000008000ee0                HAL_GPIO_Init
 .text.HAL_GPIO_WritePin
                0x0000000008001194       0x30 CMakeFiles/cube.elf.dir/Drivers/STM32F1xx_HAL_Driver/Src/stm32f1xx_hal_gpio.c.obj
                0x0000000008001194                HAL_GPIO_WritePin
 .text.HAL_GPIO_TogglePin
                0x00000000080011c4       0x30 CMakeFiles/cube.elf.dir/Drivers/STM32F1xx_HAL_Driver/Src/stm32f1xx_hal_gpio.c.obj
                0x00000000080011c4                HAL_GPIO_TogglePin
 .text.HAL_RCC_OscConfig
                0x00000000080011f4      0x500 CMakeFiles/cube.elf.dir/Drivers/STM32F1xx_HAL_Driver/Src/stm32f1xx_hal_rcc.c.obj
                0x00000000080011f4                HAL_RCC_OscConfig
 .text.HAL_RCC_ClockConfig
                0x00000000080016f4      0x1d4 CMakeFiles/cube.elf.dir/Drivers/STM32F1xx_HAL_Driver/Src/stm32f1xx_hal_rcc.c.obj
                0x00000000080016f4                HAL_RCC_ClockConfig
 .text.HAL_RCC_MCOConfig
                0x00000000080018c8       0x70 CMakeFiles/cube.elf.dir/Drivers/STM32F1xx_HAL_Driver/Src/stm32f1xx_hal_rcc.c.obj
                0x00000000080018c8                HAL_RCC_MCOConfig
 .text.HAL_RCC_GetSysClockFreq
                0x0000000008001938       0xc4 CMakeFiles/cube.elf.dir/Drivers/STM32F1xx_HAL_Driver/Src/stm32f1xx_hal_rcc.c.obj
                0x0000000008001938                HAL_RCC_GetSysClockFreq
 .text.HAL_RCC_GetHCLKFreq
                0x00000000080019fc       0x14 CMakeFiles/cube.elf.dir/Drivers/STM32F1xx_HAL_Driver/Src/stm32f1xx_hal_rcc.c.obj
                0x00000000080019fc                HAL_RCC_GetHCLKFreq
 .text.HAL_RCC_GetPCLK1Freq
                0x0000000008001a10       0x28 CMakeFiles/cube.elf.dir/Drivers/STM32F1xx_HAL_Driver/Src/stm32f1xx_hal_rcc.c.obj
                0x0000000008001a10                HAL_RCC_GetPCLK1Freq
 .text.HAL_RCC_GetClockConfig
                0x0000000008001a38       0x60 CMakeFiles/cube.elf.dir/Drivers/STM32F1xx_HAL_Driver/Src/stm32f1xx_hal_rcc.c.obj
                0x0000000008001a38                HAL_RCC_GetClockConfig
 .text.RCC_Delay
                0x0000000008001a98       0x3c CMakeFiles/cube.elf.dir/Drivers/STM32F1xx_HAL_Driver/Src/stm32f1xx_hal_rcc.c.obj
 .text.HAL_TIM_Base_Init
                0x0000000008001ad4       0x56 CMakeFiles/cube.elf.dir/Drivers/STM32F1xx_HAL_Driver/Src/stm32f1xx_hal_tim.c.obj
                0x0000000008001ad4                HAL_TIM_Base_Init
 .text.HAL_TIM_Base_Start_IT
                0x0000000008001b2a       0x46 CMakeFiles/cube.elf.dir/Drivers/STM32F1xx_HAL_Driver/Src/stm32f1xx_hal_tim.c.obj
                0x0000000008001b2a                HAL_TIM_Base_Start_IT
 .text.HAL_TIM_IRQHandler
                0x0000000008001b70      0x210 CMakeFiles/cube.elf.dir/Drivers/STM32F1xx_HAL_Driver/Src/stm32f1xx_hal_tim.c.obj
                0x0000000008001b70                HAL_TIM_IRQHandler
 .text.HAL_TIM_ConfigClockSource
                0x0000000008001d80      0x16e CMakeFiles/cube.elf.dir/Drivers/STM32F1xx_HAL_Driver/Src/stm32f1xx_hal_tim.c.obj
                0x0000000008001d80                HAL_TIM_ConfigClockSource
 .text.HAL_TIM_OC_DelayElapsedCallback
                0x0000000008001eee       0x12 CMakeFiles/cube.elf.dir/Drivers/STM32F1xx_HAL_Driver/Src/stm32f1xx_hal_tim.c.obj
                0x0000000008001eee                HAL_TIM_OC_DelayElapsedCallback
 .text.HAL_TIM_IC_CaptureCallback
                0x0000000008001f00       0x12 CMakeFiles/cube.elf.dir/Drivers/STM32F1xx_HAL_Driver/Src/stm32f1xx_hal_tim.c.obj
                0x0000000008001f00                HAL_TIM_IC_CaptureCallback
 .text.HAL_TIM_PWM_PulseFinishedCallback
                0x0000000008001f12       0x12 CMakeFiles/cube.elf.dir/Drivers/STM32F1xx_HAL_Driver/Src/stm32f1xx_hal_tim.c.obj
                0x0000000008001f12                HAL_TIM_PWM_PulseFinishedCallback
 .text.HAL_TIM_TriggerCallback
                0x0000000008001f24       0x12 CMakeFiles/cube.elf.dir/Drivers/STM32F1xx_HAL_Driver/Src/stm32f1xx_hal_tim.c.obj
                0x0000000008001f24                HAL_TIM_TriggerCallback
 *fill*         0x0000000008001f36        0x2 
 .text.TIM_Base_SetConfig
                0x0000000008001f38       0xc4 CMakeFiles/cube.elf.dir/Drivers/STM32F1xx_HAL_Driver/Src/stm32f1xx_hal_tim.c.obj
                0x0000000008001f38                TIM_Base_SetConfig
 .text.TIM_TI1_ConfigInputStage
                0x0000000008001ffc       0x5c CMakeFiles/cube.elf.dir/Drivers/STM32F1xx_HAL_Driver/Src/stm32f1xx_hal_tim.c.obj
 .text.TIM_TI2_ConfigInputStage
                0x0000000008002058       0x5e CMakeFiles/cube.elf.dir/Drivers/STM32F1xx_HAL_Driver/Src/stm32f1xx_hal_tim.c.obj
 .text.TIM_ITRx_SetConfig
                0x00000000080020b6       0x34 CMakeFiles/cube.elf.dir/Drivers/STM32F1xx_HAL_Driver/Src/stm32f1xx_hal_tim.c.obj
 .text.TIM_ETR_SetConfig
                0x00000000080020ea       0x3e CMakeFiles/cube.elf.dir/Drivers/STM32F1xx_HAL_Driver/Src/stm32f1xx_hal_tim.c.obj
                0x00000000080020ea                TIM_ETR_SetConfig
 .text.HAL_TIMEx_MasterConfigSynchronization
                0x0000000008002128       0x88 CMakeFiles/cube.elf.dir/Drivers/STM32F1xx_HAL_Driver/Src/stm32f1xx_hal_tim_ex.c.obj
                0x0000000008002128                HAL_TIMEx_MasterConfigSynchronization
 .text.HAL_TIMEx_CommutCallback
                0x00000000080021b0       0x12 CMakeFiles/cube.elf.dir/Drivers/STM32F1xx_HAL_Driver/Src/stm32f1xx_hal_tim_ex.c.obj
                0x00000000080021b0                HAL_TIMEx_CommutCallback
 .text.HAL_TIMEx_BreakCallback
                0x00000000080021c2       0x12 CMakeFiles/cube.elf.dir/Drivers/STM32F1xx_HAL_Driver/Src/stm32f1xx_hal_tim_ex.c.obj
                0x00000000080021c2                HAL_TIMEx_BreakCallback
 .text.startup  0x00000000080021d4       0x14 /usr/lib/gcc/arm-none-eabi/8.3.1/../../../arm-none-eabi/lib/thumb/v7-m/nofp/libg.a(lib_a-__call_atexit.o)
 *(.glue_7)
 .glue_7        0x00000000080021e8        0x0 linker stubs
 *(.glue_7t)
 .glue_7t       0x00000000080021e8        0x0 linker stubs
 *(.eh_frame)
 .eh_frame      0x00000000080021e8        0x0 /usr/lib/gcc/arm-none-eabi/8.3.1/thumb/v7-m/nofp/crtbegin.o
 *(.init)
 .init          0x00000000080021e8        0x4 /usr/lib/gcc/arm-none-eabi/8.3.1/thumb/v7-m/nofp/crti.o
                0x00000000080021e8                _init
 .init          0x00000000080021ec        0x8 /usr/lib/gcc/arm-none-eabi/8.3.1/thumb/v7-m/nofp/crtn.o
 *(.fini)
 .fini          0x00000000080021f4        0x4 /usr/lib/gcc/arm-none-eabi/8.3.1/thumb/v7-m/nofp/crti.o
                0x00000000080021f4                _fini
 .fini          0x00000000080021f8        0x8 /usr/lib/gcc/arm-none-eabi/8.3.1/thumb/v7-m/nofp/crtn.o
                0x0000000008002200                . = ALIGN (0x4)
                0x0000000008002200                _etext = .

.vfp11_veneer   0x0000000008002200        0x0
 .vfp11_veneer  0x0000000008002200        0x0 linker stubs

.v4_bx          0x0000000008002200        0x0
 .v4_bx         0x0000000008002200        0x0 linker stubs

.iplt           0x0000000008002200        0x0
 .iplt          0x0000000008002200        0x0 /usr/lib/gcc/arm-none-eabi/8.3.1/thumb/v7-m/nofp/crtbegin.o

.rodata         0x0000000008002200       0x30
                0x0000000008002200                . = ALIGN (0x4)
 *(.rodata)
 .rodata        0x0000000008002200       0x12 CMakeFiles/cube.elf.dir/Drivers/STM32F1xx_HAL_Driver/Src/stm32f1xx_hal_rcc.c.obj
 *fill*         0x0000000008002212        0x2 
 .rodata        0x0000000008002214        0x4 /usr/lib/gcc/arm-none-eabi/8.3.1/../../../arm-none-eabi/lib/thumb/v7-m/nofp/libg.a(lib_a-impure.o)
                0x0000000008002214                _global_impure_ptr
 *(.rodata*)
 .rodata.AHBPrescTable
                0x0000000008002218       0x10 CMakeFiles/cube.elf.dir/Core/Src/system_stm32f1xx.c.obj
                0x0000000008002218                AHBPrescTable
 .rodata.APBPrescTable
                0x0000000008002228        0x8 CMakeFiles/cube.elf.dir/Core/Src/system_stm32f1xx.c.obj
                0x0000000008002228                APBPrescTable
                0x0000000008002230                . = ALIGN (0x4)

.rel.dyn        0x0000000008002230        0x0
 .rel.iplt      0x0000000008002230        0x0 /usr/lib/gcc/arm-none-eabi/8.3.1/thumb/v7-m/nofp/crtbegin.o

.ARM.extab      0x0000000008002230        0x0
                0x0000000008002230                . = ALIGN (0x4)
 *(.ARM.extab* .gnu.linkonce.armextab.*)
                0x0000000008002230                . = ALIGN (0x4)

.ARM            0x0000000008002230        0x0
                0x0000000008002230                . = ALIGN (0x4)
                0x0000000008002230                __exidx_start = .
 *(.ARM.exidx*)
                0x0000000008002230                __exidx_end = .
                0x0000000008002230                . = ALIGN (0x4)

.preinit_array  0x0000000008002230        0x0
                0x0000000008002230                . = ALIGN (0x4)
                0x0000000008002230                PROVIDE (__preinit_array_start = .)
 *(.preinit_array*)
                0x0000000008002230                PROVIDE (__preinit_array_end = .)
                0x0000000008002230                . = ALIGN (0x4)

.init_array     0x0000000008002230        0x8
                0x0000000008002230                . = ALIGN (0x4)
                0x0000000008002230                PROVIDE (__init_array_start = .)
 *(SORT_BY_NAME(.init_array.*))
 .init_array.00000
                0x0000000008002230        0x4 /usr/lib/gcc/arm-none-eabi/8.3.1/../../../arm-none-eabi/lib/thumb/v7-m/nofp/libg.a(lib_a-__call_atexit.o)
 *(.init_array*)
 .init_array    0x0000000008002234        0x4 /usr/lib/gcc/arm-none-eabi/8.3.1/thumb/v7-m/nofp/crtbegin.o
                0x0000000008002238                PROVIDE (__init_array_end = .)
                0x0000000008002238                . = ALIGN (0x4)

.fini_array     0x0000000008002238        0x4
                0x0000000008002238                . = ALIGN (0x4)
                0x0000000008002238                PROVIDE (__fini_array_start = .)
 *(SORT_BY_NAME(.fini_array.*))
 *(.fini_array*)
 .fini_array    0x0000000008002238        0x4 /usr/lib/gcc/arm-none-eabi/8.3.1/thumb/v7-m/nofp/crtbegin.o
                0x000000000800223c                PROVIDE (__fini_array_end = .)
                0x000000000800223c                . = ALIGN (0x4)
                0x000000000800223c                _sidata = LOADADDR (.data)

.data           0x0000000020000000      0x43c load address 0x000000000800223c
                0x0000000020000000                . = ALIGN (0x4)
                0x0000000020000000                _sdata = .
 *(.data)
 .data          0x0000000020000000      0x430 /usr/lib/gcc/arm-none-eabi/8.3.1/../../../arm-none-eabi/lib/thumb/v7-m/nofp/libg.a(lib_a-impure.o)
                0x0000000020000000                _impure_ptr
 *(.data*)
 .data.SystemCoreClock
                0x0000000020000430        0x4 CMakeFiles/cube.elf.dir/Core/Src/system_stm32f1xx.c.obj
                0x0000000020000430                SystemCoreClock
 .data.uwTickPrio
                0x0000000020000434        0x4 CMakeFiles/cube.elf.dir/Drivers/STM32F1xx_HAL_Driver/Src/stm32f1xx_hal.c.obj
                0x0000000020000434                uwTickPrio
 .data.uwTickFreq
                0x0000000020000438        0x1 CMakeFiles/cube.elf.dir/Drivers/STM32F1xx_HAL_Driver/Src/stm32f1xx_hal.c.obj
                0x0000000020000438                uwTickFreq
                0x000000002000043c                . = ALIGN (0x4)
 *fill*         0x0000000020000439        0x3 
                0x000000002000043c                _edata = .

.tm_clone_table
                0x000000002000043c        0x0 load address 0x0000000008002678
 .tm_clone_table
                0x000000002000043c        0x0 /usr/lib/gcc/arm-none-eabi/8.3.1/thumb/v7-m/nofp/crtbegin.o
 .tm_clone_table
                0x000000002000043c        0x0 /usr/lib/gcc/arm-none-eabi/8.3.1/thumb/v7-m/nofp/crtend.o

.igot.plt       0x000000002000043c        0x0 load address 0x0000000008002678
 .igot.plt      0x000000002000043c        0x0 /usr/lib/gcc/arm-none-eabi/8.3.1/thumb/v7-m/nofp/crtbegin.o
                0x000000002000043c                . = ALIGN (0x4)

.bss            0x000000002000043c       0xe0 load address 0x0000000008002678
                0x000000002000043c                _sbss = .
                0x000000002000043c                __bss_start__ = _sbss
 *(.bss)
 .bss           0x000000002000043c       0x1c /usr/lib/gcc/arm-none-eabi/8.3.1/thumb/v7-m/nofp/crtbegin.o
 *(.bss*)
 .bss.htim1     0x0000000020000458       0x40 CMakeFiles/cube.elf.dir/Core/Src/main.c.obj
                0x0000000020000458                htim1
 .bss.htim2     0x0000000020000498       0x40 CMakeFiles/cube.elf.dir/Core/Src/main.c.obj
                0x0000000020000498                htim2
 .bss.htim4     0x00000000200004d8       0x40 CMakeFiles/cube.elf.dir/Core/Src/stm32f1xx_hal_timebase_tim.c.obj
                0x00000000200004d8                htim4
 .bss.uwTick    0x0000000020000518        0x4 CMakeFiles/cube.elf.dir/Drivers/STM32F1xx_HAL_Driver/Src/stm32f1xx_hal.c.obj
                0x0000000020000518                uwTick
 *(COMMON)
                0x000000002000051c                . = ALIGN (0x4)
                0x000000002000051c                _ebss = .
                0x000000002000051c                __bss_end__ = _ebss

._user_heap_stack
                0x000000002000051c      0x604 load address 0x0000000008002678
                0x0000000020000520                . = ALIGN (0x8)
 *fill*         0x000000002000051c        0x4 
                [!provide]                        PROVIDE (end = .)
                [!provide]                        PROVIDE (_end = .)
                0x0000000020000720                . = (. + _Min_Heap_Size)
 *fill*         0x0000000020000520      0x200 
                0x0000000020000b20                . = (. + _Min_Stack_Size)
 *fill*         0x0000000020000720      0x400 
                0x0000000020000b20                . = ALIGN (0x8)

/DISCARD/
 libc.a(*)
 libm.a(*)
 libgcc.a(*)

.ARM.attributes
                0x0000000000000000       0x29
 *(.ARM.attributes)
 .ARM.attributes
                0x0000000000000000       0x1d /usr/lib/gcc/arm-none-eabi/8.3.1/thumb/v7-m/nofp/crti.o
 .ARM.attributes
                0x000000000000001d       0x2d /usr/lib/gcc/arm-none-eabi/8.3.1/thumb/v7-m/nofp/crtbegin.o
 .ARM.attributes
                0x000000000000004a       0x2d CMakeFiles/cube.elf.dir/Core/Src/main.c.obj
 .ARM.attributes
                0x0000000000000077       0x2d CMakeFiles/cube.elf.dir/Core/Src/sid.c.obj
 .ARM.attributes
                0x00000000000000a4       0x2d CMakeFiles/cube.elf.dir/Core/Src/stm32f1xx_hal_msp.c.obj
 .ARM.attributes
                0x00000000000000d1       0x2d CMakeFiles/cube.elf.dir/Core/Src/stm32f1xx_hal_timebase_tim.c.obj
 .ARM.attributes
                0x00000000000000fe       0x2d CMakeFiles/cube.elf.dir/Core/Src/stm32f1xx_it.c.obj
 .ARM.attributes
                0x000000000000012b       0x2d CMakeFiles/cube.elf.dir/Core/Src/system_stm32f1xx.c.obj
 .ARM.attributes
                0x0000000000000158       0x21 CMakeFiles/cube.elf.dir/Core/Startup/startup_stm32f103c8tx.s.obj
 .ARM.attributes
                0x0000000000000179       0x2d CMakeFiles/cube.elf.dir/Drivers/STM32F1xx_HAL_Driver/Src/stm32f1xx_hal.c.obj
 .ARM.attributes
                0x00000000000001a6       0x2d CMakeFiles/cube.elf.dir/Drivers/STM32F1xx_HAL_Driver/Src/stm32f1xx_hal_cortex.c.obj
 .ARM.attributes
                0x00000000000001d3       0x2d CMakeFiles/cube.elf.dir/Drivers/STM32F1xx_HAL_Driver/Src/stm32f1xx_hal_gpio.c.obj
 .ARM.attributes
                0x0000000000000200       0x2d CMakeFiles/cube.elf.dir/Drivers/STM32F1xx_HAL_Driver/Src/stm32f1xx_hal_rcc.c.obj
 .ARM.attributes
                0x000000000000022d       0x2d CMakeFiles/cube.elf.dir/Drivers/STM32F1xx_HAL_Driver/Src/stm32f1xx_hal_tim.c.obj
 .ARM.attributes
                0x000000000000025a       0x2d CMakeFiles/cube.elf.dir/Drivers/STM32F1xx_HAL_Driver/Src/stm32f1xx_hal_tim_ex.c.obj
 .ARM.attributes
                0x0000000000000287       0x2d /usr/lib/gcc/arm-none-eabi/8.3.1/../../../arm-none-eabi/lib/thumb/v7-m/nofp/libg.a(lib_a-atexit.o)
 .ARM.attributes
                0x00000000000002b4       0x2d /usr/lib/gcc/arm-none-eabi/8.3.1/../../../arm-none-eabi/lib/thumb/v7-m/nofp/libg.a(lib_a-fini.o)
 .ARM.attributes
                0x00000000000002e1       0x2d /usr/lib/gcc/arm-none-eabi/8.3.1/../../../arm-none-eabi/lib/thumb/v7-m/nofp/libg.a(lib_a-impure.o)
 .ARM.attributes
                0x000000000000030e       0x2d /usr/lib/gcc/arm-none-eabi/8.3.1/../../../arm-none-eabi/lib/thumb/v7-m/nofp/libg.a(lib_a-init.o)
 .ARM.attributes
                0x000000000000033b       0x2d /usr/lib/gcc/arm-none-eabi/8.3.1/../../../arm-none-eabi/lib/thumb/v7-m/nofp/libg.a(lib_a-memset.o)
 .ARM.attributes
                0x0000000000000368       0x2d /usr/lib/gcc/arm-none-eabi/8.3.1/../../../arm-none-eabi/lib/thumb/v7-m/nofp/libg.a(lib_a-__atexit.o)
 .ARM.attributes
                0x0000000000000395       0x2d /usr/lib/gcc/arm-none-eabi/8.3.1/../../../arm-none-eabi/lib/thumb/v7-m/nofp/libg.a(lib_a-__call_atexit.o)
 .ARM.attributes
                0x00000000000003c2       0x2d /usr/lib/gcc/arm-none-eabi/8.3.1/thumb/v7-m/nofp/crtend.o
 .ARM.attributes
                0x00000000000003ef       0x1d /usr/lib/gcc/arm-none-eabi/8.3.1/thumb/v7-m/nofp/crtn.o
OUTPUT(cube.elf elf32-littlearm)
LOAD linker stubs
LOAD /usr/lib/gcc/arm-none-eabi/8.3.1/../../../arm-none-eabi/lib/thumb/v7-m/nofp/libc.a
LOAD /usr/lib/gcc/arm-none-eabi/8.3.1/../../../arm-none-eabi/lib/thumb/v7-m/nofp/libm.a
LOAD /usr/lib/gcc/arm-none-eabi/8.3.1/thumb/v7-m/nofp/libgcc.a

.comment        0x0000000000000000       0x4e
 .comment       0x0000000000000000       0x4e /usr/lib/gcc/arm-none-eabi/8.3.1/thumb/v7-m/nofp/crtbegin.o
                                         0x4f (size before relaxing)
 .comment       0x000000000000004e       0x4f CMakeFiles/cube.elf.dir/Core/Src/main.c.obj
 .comment       0x000000000000004e       0x4f CMakeFiles/cube.elf.dir/Core/Src/sid.c.obj
 .comment       0x000000000000004e       0x4f CMakeFiles/cube.elf.dir/Core/Src/stm32f1xx_hal_msp.c.obj
 .comment       0x000000000000004e       0x4f CMakeFiles/cube.elf.dir/Core/Src/stm32f1xx_hal_timebase_tim.c.obj
 .comment       0x000000000000004e       0x4f CMakeFiles/cube.elf.dir/Core/Src/stm32f1xx_it.c.obj
 .comment       0x000000000000004e       0x4f CMakeFiles/cube.elf.dir/Core/Src/system_stm32f1xx.c.obj
 .comment       0x000000000000004e       0x4f CMakeFiles/cube.elf.dir/Drivers/STM32F1xx_HAL_Driver/Src/stm32f1xx_hal.c.obj
 .comment       0x000000000000004e       0x4f CMakeFiles/cube.elf.dir/Drivers/STM32F1xx_HAL_Driver/Src/stm32f1xx_hal_cortex.c.obj
 .comment       0x000000000000004e       0x4f CMakeFiles/cube.elf.dir/Drivers/STM32F1xx_HAL_Driver/Src/stm32f1xx_hal_gpio.c.obj
 .comment       0x000000000000004e       0x4f CMakeFiles/cube.elf.dir/Drivers/STM32F1xx_HAL_Driver/Src/stm32f1xx_hal_rcc.c.obj
 .comment       0x000000000000004e       0x4f CMakeFiles/cube.elf.dir/Drivers/STM32F1xx_HAL_Driver/Src/stm32f1xx_hal_tim.c.obj
 .comment       0x000000000000004e       0x4f CMakeFiles/cube.elf.dir/Drivers/STM32F1xx_HAL_Driver/Src/stm32f1xx_hal_tim_ex.c.obj
 .comment       0x000000000000004e       0x4f /usr/lib/gcc/arm-none-eabi/8.3.1/../../../arm-none-eabi/lib/thumb/v7-m/nofp/libg.a(lib_a-atexit.o)
 .comment       0x000000000000004e       0x4f /usr/lib/gcc/arm-none-eabi/8.3.1/../../../arm-none-eabi/lib/thumb/v7-m/nofp/libg.a(lib_a-fini.o)
 .comment       0x000000000000004e       0x4f /usr/lib/gcc/arm-none-eabi/8.3.1/../../../arm-none-eabi/lib/thumb/v7-m/nofp/libg.a(lib_a-impure.o)
 .comment       0x000000000000004e       0x4f /usr/lib/gcc/arm-none-eabi/8.3.1/../../../arm-none-eabi/lib/thumb/v7-m/nofp/libg.a(lib_a-init.o)
 .comment       0x000000000000004e       0x4f /usr/lib/gcc/arm-none-eabi/8.3.1/../../../arm-none-eabi/lib/thumb/v7-m/nofp/libg.a(lib_a-memset.o)
 .comment       0x000000000000004e       0x4f /usr/lib/gcc/arm-none-eabi/8.3.1/../../../arm-none-eabi/lib/thumb/v7-m/nofp/libg.a(lib_a-__atexit.o)
 .comment       0x000000000000004e       0x4f /usr/lib/gcc/arm-none-eabi/8.3.1/../../../arm-none-eabi/lib/thumb/v7-m/nofp/libg.a(lib_a-__call_atexit.o)
 .comment       0x000000000000004e       0x4f /usr/lib/gcc/arm-none-eabi/8.3.1/thumb/v7-m/nofp/crtend.o

.debug_info     0x0000000000000000     0xbe2d
 .debug_info    0x0000000000000000      0xb21 CMakeFiles/cube.elf.dir/Core/Src/main.c.obj
 .debug_info    0x0000000000000b21      0x2c2 CMakeFiles/cube.elf.dir/Core/Src/sid.c.obj
 .debug_info    0x0000000000000de3      0x95d CMakeFiles/cube.elf.dir/Core/Src/stm32f1xx_hal_msp.c.obj
 .debug_info    0x0000000000001740      0x937 CMakeFiles/cube.elf.dir/Core/Src/stm32f1xx_hal_timebase_tim.c.obj
 .debug_info    0x0000000000002077      0x776 CMakeFiles/cube.elf.dir/Core/Src/stm32f1xx_it.c.obj
 .debug_info    0x00000000000027ed      0x43e CMakeFiles/cube.elf.dir/Core/Src/system_stm32f1xx.c.obj
 .debug_info    0x0000000000002c2b       0x22 CMakeFiles/cube.elf.dir/Core/Startup/startup_stm32f103c8tx.s.obj
 .debug_info    0x0000000000002c4d      0x723 CMakeFiles/cube.elf.dir/Drivers/STM32F1xx_HAL_Driver/Src/stm32f1xx_hal.c.obj
 .debug_info    0x0000000000003370      0xba1 CMakeFiles/cube.elf.dir/Drivers/STM32F1xx_HAL_Driver/Src/stm32f1xx_hal_cortex.c.obj
 .debug_info    0x0000000000003f11      0x6aa CMakeFiles/cube.elf.dir/Drivers/STM32F1xx_HAL_Driver/Src/stm32f1xx_hal_gpio.c.obj
 .debug_info    0x00000000000045bb      0x847 CMakeFiles/cube.elf.dir/Drivers/STM32F1xx_HAL_Driver/Src/stm32f1xx_hal_rcc.c.obj
 .debug_info    0x0000000000004e02     0x2639 CMakeFiles/cube.elf.dir/Drivers/STM32F1xx_HAL_Driver/Src/stm32f1xx_hal_tim.c.obj
 .debug_info    0x000000000000743b     0x11cb CMakeFiles/cube.elf.dir/Drivers/STM32F1xx_HAL_Driver/Src/stm32f1xx_hal_tim_ex.c.obj
 .debug_info    0x0000000000008606      0x995 /usr/lib/gcc/arm-none-eabi/8.3.1/../../../arm-none-eabi/lib/thumb/v7-m/nofp/libg.a(lib_a-atexit.o)
 .debug_info    0x0000000000008f9b      0x102 /usr/lib/gcc/arm-none-eabi/8.3.1/../../../arm-none-eabi/lib/thumb/v7-m/nofp/libg.a(lib_a-fini.o)
 .debug_info    0x000000000000909d      0x92a /usr/lib/gcc/arm-none-eabi/8.3.1/../../../arm-none-eabi/lib/thumb/v7-m/nofp/libg.a(lib_a-impure.o)
 .debug_info    0x00000000000099c7      0x11a /usr/lib/gcc/arm-none-eabi/8.3.1/../../../arm-none-eabi/lib/thumb/v7-m/nofp/libg.a(lib_a-init.o)
 .debug_info    0x0000000000009ae1      0xf21 /usr/lib/gcc/arm-none-eabi/8.3.1/../../../arm-none-eabi/lib/thumb/v7-m/nofp/libg.a(lib_a-memset.o)
 .debug_info    0x000000000000aa02      0x9d5 /usr/lib/gcc/arm-none-eabi/8.3.1/../../../arm-none-eabi/lib/thumb/v7-m/nofp/libg.a(lib_a-__atexit.o)
 .debug_info    0x000000000000b3d7      0xa56 /usr/lib/gcc/arm-none-eabi/8.3.1/../../../arm-none-eabi/lib/thumb/v7-m/nofp/libg.a(lib_a-__call_atexit.o)

.debug_abbrev   0x0000000000000000     0x2485
 .debug_abbrev  0x0000000000000000      0x243 CMakeFiles/cube.elf.dir/Core/Src/main.c.obj
 .debug_abbrev  0x0000000000000243      0x15c CMakeFiles/cube.elf.dir/Core/Src/sid.c.obj
 .debug_abbrev  0x000000000000039f      0x1b4 CMakeFiles/cube.elf.dir/Core/Src/stm32f1xx_hal_msp.c.obj
 .debug_abbrev  0x0000000000000553      0x1bc CMakeFiles/cube.elf.dir/Core/Src/stm32f1xx_hal_timebase_tim.c.obj
 .debug_abbrev  0x000000000000070f      0x173 CMakeFiles/cube.elf.dir/Core/Src/stm32f1xx_it.c.obj
 .debug_abbrev  0x0000000000000882      0x14b CMakeFiles/cube.elf.dir/Core/Src/system_stm32f1xx.c.obj
 .debug_abbrev  0x00000000000009cd       0x12 CMakeFiles/cube.elf.dir/Core/Startup/startup_stm32f103c8tx.s.obj
 .debug_abbrev  0x00000000000009df      0x1fd CMakeFiles/cube.elf.dir/Drivers/STM32F1xx_HAL_Driver/Src/stm32f1xx_hal.c.obj
 .debug_abbrev  0x0000000000000bdc      0x310 CMakeFiles/cube.elf.dir/Drivers/STM32F1xx_HAL_Driver/Src/stm32f1xx_hal_cortex.c.obj
 .debug_abbrev  0x0000000000000eec      0x1e5 CMakeFiles/cube.elf.dir/Drivers/STM32F1xx_HAL_Driver/Src/stm32f1xx_hal_gpio.c.obj
 .debug_abbrev  0x00000000000010d1      0x270 CMakeFiles/cube.elf.dir/Drivers/STM32F1xx_HAL_Driver/Src/stm32f1xx_hal_rcc.c.obj
 .debug_abbrev  0x0000000000001341      0x25b CMakeFiles/cube.elf.dir/Drivers/STM32F1xx_HAL_Driver/Src/stm32f1xx_hal_tim.c.obj
 .debug_abbrev  0x000000000000159c      0x249 CMakeFiles/cube.elf.dir/Drivers/STM32F1xx_HAL_Driver/Src/stm32f1xx_hal_tim_ex.c.obj
 .debug_abbrev  0x00000000000017e5      0x232 /usr/lib/gcc/arm-none-eabi/8.3.1/../../../arm-none-eabi/lib/thumb/v7-m/nofp/libg.a(lib_a-atexit.o)
 .debug_abbrev  0x0000000000001a17       0xcf /usr/lib/gcc/arm-none-eabi/8.3.1/../../../arm-none-eabi/lib/thumb/v7-m/nofp/libg.a(lib_a-fini.o)
 .debug_abbrev  0x0000000000001ae6      0x1b8 /usr/lib/gcc/arm-none-eabi/8.3.1/../../../arm-none-eabi/lib/thumb/v7-m/nofp/libg.a(lib_a-impure.o)
 .debug_abbrev  0x0000000000001c9e       0xcc /usr/lib/gcc/arm-none-eabi/8.3.1/../../../arm-none-eabi/lib/thumb/v7-m/nofp/libg.a(lib_a-init.o)
 .debug_abbrev  0x0000000000001d6a      0x217 /usr/lib/gcc/arm-none-eabi/8.3.1/../../../arm-none-eabi/lib/thumb/v7-m/nofp/libg.a(lib_a-memset.o)
 .debug_abbrev  0x0000000000001f81      0x252 /usr/lib/gcc/arm-none-eabi/8.3.1/../../../arm-none-eabi/lib/thumb/v7-m/nofp/libg.a(lib_a-__atexit.o)
 .debug_abbrev  0x00000000000021d3      0x2b2 /usr/lib/gcc/arm-none-eabi/8.3.1/../../../arm-none-eabi/lib/thumb/v7-m/nofp/libg.a(lib_a-__call_atexit.o)

.debug_aranges  0x0000000000000000      0xa48
 .debug_aranges
                0x0000000000000000       0x50 CMakeFiles/cube.elf.dir/Core/Src/main.c.obj
 .debug_aranges
                0x0000000000000050       0x38 CMakeFiles/cube.elf.dir/Core/Src/sid.c.obj
 .debug_aranges
                0x0000000000000088       0x30 CMakeFiles/cube.elf.dir/Core/Src/stm32f1xx_hal_msp.c.obj
 .debug_aranges
                0x00000000000000b8       0x30 CMakeFiles/cube.elf.dir/Core/Src/stm32f1xx_hal_timebase_tim.c.obj
 .debug_aranges
                0x00000000000000e8       0x70 CMakeFiles/cube.elf.dir/Core/Src/stm32f1xx_it.c.obj
 .debug_aranges
                0x0000000000000158       0x28 CMakeFiles/cube.elf.dir/Core/Src/system_stm32f1xx.c.obj
 .debug_aranges
                0x0000000000000180       0x28 CMakeFiles/cube.elf.dir/Core/Startup/startup_stm32f103c8tx.s.obj
 .debug_aranges
                0x00000000000001a8       0xe0 CMakeFiles/cube.elf.dir/Drivers/STM32F1xx_HAL_Driver/Src/stm32f1xx_hal.c.obj
 .debug_aranges
                0x0000000000000288      0x100 CMakeFiles/cube.elf.dir/Drivers/STM32F1xx_HAL_Driver/Src/stm32f1xx_hal_cortex.c.obj
 .debug_aranges
                0x0000000000000388       0x58 CMakeFiles/cube.elf.dir/Drivers/STM32F1xx_HAL_Driver/Src/stm32f1xx_hal_gpio.c.obj
 .debug_aranges
                0x00000000000003e0       0x90 CMakeFiles/cube.elf.dir/Drivers/STM32F1xx_HAL_Driver/Src/stm32f1xx_hal_rcc.c.obj
 .debug_aranges
                0x0000000000000470      0x3a8 CMakeFiles/cube.elf.dir/Drivers/STM32F1xx_HAL_Driver/Src/stm32f1xx_hal_tim.c.obj
 .debug_aranges
                0x0000000000000818      0x150 CMakeFiles/cube.elf.dir/Drivers/STM32F1xx_HAL_Driver/Src/stm32f1xx_hal_tim_ex.c.obj
 .debug_aranges
                0x0000000000000968       0x20 /usr/lib/gcc/arm-none-eabi/8.3.1/../../../arm-none-eabi/lib/thumb/v7-m/nofp/libg.a(lib_a-atexit.o)
 .debug_aranges
                0x0000000000000988       0x20 /usr/lib/gcc/arm-none-eabi/8.3.1/../../../arm-none-eabi/lib/thumb/v7-m/nofp/libg.a(lib_a-fini.o)
 .debug_aranges
                0x00000000000009a8       0x18 /usr/lib/gcc/arm-none-eabi/8.3.1/../../../arm-none-eabi/lib/thumb/v7-m/nofp/libg.a(lib_a-impure.o)
 .debug_aranges
                0x00000000000009c0       0x20 /usr/lib/gcc/arm-none-eabi/8.3.1/../../../arm-none-eabi/lib/thumb/v7-m/nofp/libg.a(lib_a-init.o)
 .debug_aranges
                0x00000000000009e0       0x20 /usr/lib/gcc/arm-none-eabi/8.3.1/../../../arm-none-eabi/lib/thumb/v7-m/nofp/libg.a(lib_a-memset.o)
 .debug_aranges
                0x0000000000000a00       0x20 /usr/lib/gcc/arm-none-eabi/8.3.1/../../../arm-none-eabi/lib/thumb/v7-m/nofp/libg.a(lib_a-__atexit.o)
 .debug_aranges
                0x0000000000000a20       0x28 /usr/lib/gcc/arm-none-eabi/8.3.1/../../../arm-none-eabi/lib/thumb/v7-m/nofp/libg.a(lib_a-__call_atexit.o)

.debug_ranges   0x0000000000000000      0x8d8
 .debug_ranges  0x0000000000000000       0x40 CMakeFiles/cube.elf.dir/Core/Src/main.c.obj
 .debug_ranges  0x0000000000000040       0x28 CMakeFiles/cube.elf.dir/Core/Src/sid.c.obj
 .debug_ranges  0x0000000000000068       0x20 CMakeFiles/cube.elf.dir/Core/Src/stm32f1xx_hal_msp.c.obj
 .debug_ranges  0x0000000000000088       0x20 CMakeFiles/cube.elf.dir/Core/Src/stm32f1xx_hal_timebase_tim.c.obj
 .debug_ranges  0x00000000000000a8       0x60 CMakeFiles/cube.elf.dir/Core/Src/stm32f1xx_it.c.obj
 .debug_ranges  0x0000000000000108       0x18 CMakeFiles/cube.elf.dir/Core/Src/system_stm32f1xx.c.obj
 .debug_ranges  0x0000000000000120       0x20 CMakeFiles/cube.elf.dir/Core/Startup/startup_stm32f103c8tx.s.obj
 .debug_ranges  0x0000000000000140       0xd0 CMakeFiles/cube.elf.dir/Drivers/STM32F1xx_HAL_Driver/Src/stm32f1xx_hal.c.obj
 .debug_ranges  0x0000000000000210       0xf0 CMakeFiles/cube.elf.dir/Drivers/STM32F1xx_HAL_Driver/Src/stm32f1xx_hal_cortex.c.obj
 .debug_ranges  0x0000000000000300       0x48 CMakeFiles/cube.elf.dir/Drivers/STM32F1xx_HAL_Driver/Src/stm32f1xx_hal_gpio.c.obj
 .debug_ranges  0x0000000000000348       0x80 CMakeFiles/cube.elf.dir/Drivers/STM32F1xx_HAL_Driver/Src/stm32f1xx_hal_rcc.c.obj
 .debug_ranges  0x00000000000003c8      0x398 CMakeFiles/cube.elf.dir/Drivers/STM32F1xx_HAL_Driver/Src/stm32f1xx_hal_tim.c.obj
 .debug_ranges  0x0000000000000760      0x140 CMakeFiles/cube.elf.dir/Drivers/STM32F1xx_HAL_Driver/Src/stm32f1xx_hal_tim_ex.c.obj
 .debug_ranges  0x00000000000008a0       0x38 /usr/lib/gcc/arm-none-eabi/8.3.1/../../../arm-none-eabi/lib/thumb/v7-m/nofp/libg.a(lib_a-__call_atexit.o)

.debug_line     0x0000000000000000     0x6440
 .debug_line    0x0000000000000000      0x3c6 CMakeFiles/cube.elf.dir/Core/Src/main.c.obj
 .debug_line    0x00000000000003c6      0x279 CMakeFiles/cube.elf.dir/Core/Src/sid.c.obj
 .debug_line    0x000000000000063f      0x24d CMakeFiles/cube.elf.dir/Core/Src/stm32f1xx_hal_msp.c.obj
 .debug_line    0x000000000000088c      0x26e CMakeFiles/cube.elf.dir/Core/Src/stm32f1xx_hal_timebase_tim.c.obj
 .debug_line    0x0000000000000afa      0x2c7 CMakeFiles/cube.elf.dir/Core/Src/stm32f1xx_it.c.obj
 .debug_line    0x0000000000000dc1      0x260 CMakeFiles/cube.elf.dir/Core/Src/system_stm32f1xx.c.obj
 .debug_line    0x0000000000001021       0x9f CMakeFiles/cube.elf.dir/Core/Startup/startup_stm32f103c8tx.s.obj
 .debug_line    0x00000000000010c0      0x472 CMakeFiles/cube.elf.dir/Drivers/STM32F1xx_HAL_Driver/Src/stm32f1xx_hal.c.obj
 .debug_line    0x0000000000001532      0x64c CMakeFiles/cube.elf.dir/Drivers/STM32F1xx_HAL_Driver/Src/stm32f1xx_hal_cortex.c.obj
 .debug_line    0x0000000000001b7e      0x54b CMakeFiles/cube.elf.dir/Drivers/STM32F1xx_HAL_Driver/Src/stm32f1xx_hal_gpio.c.obj
 .debug_line    0x00000000000020c9      0x8de CMakeFiles/cube.elf.dir/Drivers/STM32F1xx_HAL_Driver/Src/stm32f1xx_hal_rcc.c.obj
 .debug_line    0x00000000000029a7     0x2356 CMakeFiles/cube.elf.dir/Drivers/STM32F1xx_HAL_Driver/Src/stm32f1xx_hal_tim.c.obj
 .debug_line    0x0000000000004cfd      0xc9c CMakeFiles/cube.elf.dir/Drivers/STM32F1xx_HAL_Driver/Src/stm32f1xx_hal_tim_ex.c.obj
 .debug_line    0x0000000000005999      0x14a /usr/lib/gcc/arm-none-eabi/8.3.1/../../../arm-none-eabi/lib/thumb/v7-m/nofp/libg.a(lib_a-atexit.o)
 .debug_line    0x0000000000005ae3       0xd7 /usr/lib/gcc/arm-none-eabi/8.3.1/../../../arm-none-eabi/lib/thumb/v7-m/nofp/libg.a(lib_a-fini.o)
 .debug_line    0x0000000000005bba       0xe3 /usr/lib/gcc/arm-none-eabi/8.3.1/../../../arm-none-eabi/lib/thumb/v7-m/nofp/libg.a(lib_a-impure.o)
 .debug_line    0x0000000000005c9d      0x114 /usr/lib/gcc/arm-none-eabi/8.3.1/../../../arm-none-eabi/lib/thumb/v7-m/nofp/libg.a(lib_a-init.o)
 .debug_line    0x0000000000005db1      0x26b /usr/lib/gcc/arm-none-eabi/8.3.1/../../../arm-none-eabi/lib/thumb/v7-m/nofp/libg.a(lib_a-memset.o)
 .debug_line    0x000000000000601c      0x1e7 /usr/lib/gcc/arm-none-eabi/8.3.1/../../../arm-none-eabi/lib/thumb/v7-m/nofp/libg.a(lib_a-__atexit.o)
 .debug_line    0x0000000000006203      0x23d /usr/lib/gcc/arm-none-eabi/8.3.1/../../../arm-none-eabi/lib/thumb/v7-m/nofp/libg.a(lib_a-__call_atexit.o)

.debug_str      0x0000000000000000     0x368a
 .debug_str     0x0000000000000000      0x8b0 CMakeFiles/cube.elf.dir/Core/Src/main.c.obj
                                        0x935 (size before relaxing)
 .debug_str     0x00000000000008b0       0x61 CMakeFiles/cube.elf.dir/Core/Src/sid.c.obj
                                        0x2e0 (size before relaxing)
 .debug_str     0x0000000000000911      0x380 CMakeFiles/cube.elf.dir/Core/Src/stm32f1xx_hal_msp.c.obj
                                        0x9c4 (size before relaxing)
 .debug_str     0x0000000000000c91       0xc5 CMakeFiles/cube.elf.dir/Core/Src/stm32f1xx_hal_timebase_tim.c.obj
                                        0xa5a (size before relaxing)
 .debug_str     0x0000000000000d56       0xe9 CMakeFiles/cube.elf.dir/Core/Src/stm32f1xx_it.c.obj
                                        0x713 (size before relaxing)
 .debug_str     0x0000000000000e3f       0xc1 CMakeFiles/cube.elf.dir/Core/Src/system_stm32f1xx.c.obj
                                        0x35c (size before relaxing)
 .debug_str     0x0000000000000f00       0x4f CMakeFiles/cube.elf.dir/Core/Startup/startup_stm32f103c8tx.s.obj
                                         0x6d (size before relaxing)
 .debug_str     0x0000000000000f4f      0x237 CMakeFiles/cube.elf.dir/Drivers/STM32F1xx_HAL_Driver/Src/stm32f1xx_hal.c.obj
                                        0x830 (size before relaxing)
 .debug_str     0x0000000000001186      0x3c7 CMakeFiles/cube.elf.dir/Drivers/STM32F1xx_HAL_Driver/Src/stm32f1xx_hal_cortex.c.obj
                                        0x997 (size before relaxing)
 .debug_str     0x000000000000154d      0x165 CMakeFiles/cube.elf.dir/Drivers/STM32F1xx_HAL_Driver/Src/stm32f1xx_hal_gpio.c.obj
                                        0x4dd (size before relaxing)
 .debug_str     0x00000000000016b2      0x22b CMakeFiles/cube.elf.dir/Drivers/STM32F1xx_HAL_Driver/Src/stm32f1xx_hal_rcc.c.obj
                                        0x698 (size before relaxing)
 .debug_str     0x00000000000018dd      0xd7a CMakeFiles/cube.elf.dir/Drivers/STM32F1xx_HAL_Driver/Src/stm32f1xx_hal_tim.c.obj
                                       0x14bb (size before relaxing)
 .debug_str     0x0000000000002657      0x54a CMakeFiles/cube.elf.dir/Drivers/STM32F1xx_HAL_Driver/Src/stm32f1xx_hal_tim_ex.c.obj
                                        0xcbb (size before relaxing)
 .debug_str     0x0000000000002ba1      0x518 /usr/lib/gcc/arm-none-eabi/8.3.1/../../../arm-none-eabi/lib/thumb/v7-m/nofp/libg.a(lib_a-atexit.o)
                                        0x5e3 (size before relaxing)
 .debug_str     0x00000000000030b9       0xc4 /usr/lib/gcc/arm-none-eabi/8.3.1/../../../arm-none-eabi/lib/thumb/v7-m/nofp/libg.a(lib_a-fini.o)
                                        0x1f2 (size before relaxing)
 .debug_str     0x000000000000317d       0x97 /usr/lib/gcc/arm-none-eabi/8.3.1/../../../arm-none-eabi/lib/thumb/v7-m/nofp/libg.a(lib_a-impure.o)
                                        0x598 (size before relaxing)
 .debug_str     0x0000000000003214       0x96 /usr/lib/gcc/arm-none-eabi/8.3.1/../../../arm-none-eabi/lib/thumb/v7-m/nofp/libg.a(lib_a-init.o)
                                        0x21c (size before relaxing)
 .debug_str     0x00000000000032aa      0x313 /usr/lib/gcc/arm-none-eabi/8.3.1/../../../arm-none-eabi/lib/thumb/v7-m/nofp/libg.a(lib_a-memset.o)
                                        0x8c5 (size before relaxing)
 .debug_str     0x00000000000035bd       0x54 /usr/lib/gcc/arm-none-eabi/8.3.1/../../../arm-none-eabi/lib/thumb/v7-m/nofp/libg.a(lib_a-__atexit.o)
                                        0x601 (size before relaxing)
 .debug_str     0x0000000000003611       0x79 /usr/lib/gcc/arm-none-eabi/8.3.1/../../../arm-none-eabi/lib/thumb/v7-m/nofp/libg.a(lib_a-__call_atexit.o)
                                        0x614 (size before relaxing)

.debug_frame    0x0000000000000000     0x26e8
 .debug_frame   0x0000000000000000      0x104 CMakeFiles/cube.elf.dir/Core/Src/main.c.obj
 .debug_frame   0x0000000000000104       0xa4 CMakeFiles/cube.elf.dir/Core/Src/sid.c.obj
 .debug_frame   0x00000000000001a8       0x80 CMakeFiles/cube.elf.dir/Core/Src/stm32f1xx_hal_msp.c.obj
 .debug_frame   0x0000000000000228       0x74 CMakeFiles/cube.elf.dir/Core/Src/stm32f1xx_hal_timebase_tim.c.obj
 .debug_frame   0x000000000000029c      0x148 CMakeFiles/cube.elf.dir/Core/Src/stm32f1xx_it.c.obj
 .debug_frame   0x00000000000003e4       0x58 CMakeFiles/cube.elf.dir/Core/Src/system_stm32f1xx.c.obj
 .debug_frame   0x000000000000043c      0x334 CMakeFiles/cube.elf.dir/Drivers/STM32F1xx_HAL_Driver/Src/stm32f1xx_hal.c.obj
 .debug_frame   0x0000000000000770      0x428 CMakeFiles/cube.elf.dir/Drivers/STM32F1xx_HAL_Driver/Src/stm32f1xx_hal_cortex.c.obj
 .debug_frame   0x0000000000000b98      0x14c CMakeFiles/cube.elf.dir/Drivers/STM32F1xx_HAL_Driver/Src/stm32f1xx_hal_gpio.c.obj
 .debug_frame   0x0000000000000ce4      0x21c CMakeFiles/cube.elf.dir/Drivers/STM32F1xx_HAL_Driver/Src/stm32f1xx_hal_rcc.c.obj
 .debug_frame   0x0000000000000f00     0x10e8 CMakeFiles/cube.elf.dir/Drivers/STM32F1xx_HAL_Driver/Src/stm32f1xx_hal_tim.c.obj
 .debug_frame   0x0000000000001fe8      0x5c0 CMakeFiles/cube.elf.dir/Drivers/STM32F1xx_HAL_Driver/Src/stm32f1xx_hal_tim_ex.c.obj
 .debug_frame   0x00000000000025a8       0x20 /usr/lib/gcc/arm-none-eabi/8.3.1/../../../arm-none-eabi/lib/thumb/v7-m/nofp/libg.a(lib_a-atexit.o)
 .debug_frame   0x00000000000025c8       0x34 /usr/lib/gcc/arm-none-eabi/8.3.1/../../../arm-none-eabi/lib/thumb/v7-m/nofp/libg.a(lib_a-fini.o)
 .debug_frame   0x00000000000025fc       0x2c /usr/lib/gcc/arm-none-eabi/8.3.1/../../../arm-none-eabi/lib/thumb/v7-m/nofp/libg.a(lib_a-init.o)
 .debug_frame   0x0000000000002628       0x38 /usr/lib/gcc/arm-none-eabi/8.3.1/../../../arm-none-eabi/lib/thumb/v7-m/nofp/libg.a(lib_a-memset.o)
 .debug_frame   0x0000000000002660       0x38 /usr/lib/gcc/arm-none-eabi/8.3.1/../../../arm-none-eabi/lib/thumb/v7-m/nofp/libg.a(lib_a-__atexit.o)
 .debug_frame   0x0000000000002698       0x50 /usr/lib/gcc/arm-none-eabi/8.3.1/../../../arm-none-eabi/lib/thumb/v7-m/nofp/libg.a(lib_a-__call_atexit.o)

.debug_loc      0x0000000000000000      0x607
 .debug_loc     0x0000000000000000       0x32 /usr/lib/gcc/arm-none-eabi/8.3.1/../../../arm-none-eabi/lib/thumb/v7-m/nofp/libg.a(lib_a-atexit.o)
 .debug_loc     0x0000000000000032       0x68 /usr/lib/gcc/arm-none-eabi/8.3.1/../../../arm-none-eabi/lib/thumb/v7-m/nofp/libg.a(lib_a-fini.o)
 .debug_loc     0x000000000000009a       0xba /usr/lib/gcc/arm-none-eabi/8.3.1/../../../arm-none-eabi/lib/thumb/v7-m/nofp/libg.a(lib_a-init.o)
 .debug_loc     0x0000000000000154      0x231 /usr/lib/gcc/arm-none-eabi/8.3.1/../../../arm-none-eabi/lib/thumb/v7-m/nofp/libg.a(lib_a-memset.o)
 .debug_loc     0x0000000000000385      0x138 /usr/lib/gcc/arm-none-eabi/8.3.1/../../../arm-none-eabi/lib/thumb/v7-m/nofp/libg.a(lib_a-__atexit.o)
 .debug_loc     0x00000000000004bd      0x14a /usr/lib/gcc/arm-none-eabi/8.3.1/../../../arm-none-eabi/lib/thumb/v7-m/nofp/libg.a(lib_a-__call_atexit.o)
