Archive member included to satisfy reference by file (symbol)

/usr/lib/gcc/arm-none-eabi/8.3.1/../../../arm-none-eabi/lib/thumb/v7-m/nofp/libg.a(lib_a-atexit.o)
                              /usr/lib/gcc/arm-none-eabi/8.3.1/../../../arm-none-eabi/lib/thumb/v7-m/nofp/crt0.o (atexit)
/usr/lib/gcc/arm-none-eabi/8.3.1/../../../arm-none-eabi/lib/thumb/v7-m/nofp/libg.a(lib_a-exit.o)
                              /usr/lib/gcc/arm-none-eabi/8.3.1/../../../arm-none-eabi/lib/thumb/v7-m/nofp/crt0.o (exit)
/usr/lib/gcc/arm-none-eabi/8.3.1/../../../arm-none-eabi/lib/thumb/v7-m/nofp/libg.a(lib_a-fini.o)
                              /usr/lib/gcc/arm-none-eabi/8.3.1/../../../arm-none-eabi/lib/thumb/v7-m/nofp/crt0.o (__libc_fini_array)
/usr/lib/gcc/arm-none-eabi/8.3.1/../../../arm-none-eabi/lib/thumb/v7-m/nofp/libg.a(lib_a-impure.o)
                              /usr/lib/gcc/arm-none-eabi/8.3.1/../../../arm-none-eabi/lib/thumb/v7-m/nofp/libg.a(lib_a-exit.o) (_global_impure_ptr)
/usr/lib/gcc/arm-none-eabi/8.3.1/../../../arm-none-eabi/lib/thumb/v7-m/nofp/libg.a(lib_a-init.o)
                              /usr/lib/gcc/arm-none-eabi/8.3.1/../../../arm-none-eabi/lib/thumb/v7-m/nofp/crt0.o (__libc_init_array)
/usr/lib/gcc/arm-none-eabi/8.3.1/../../../arm-none-eabi/lib/thumb/v7-m/nofp/libg.a(lib_a-memset.o)
                              /usr/lib/gcc/arm-none-eabi/8.3.1/../../../arm-none-eabi/lib/thumb/v7-m/nofp/crt0.o (memset)
/usr/lib/gcc/arm-none-eabi/8.3.1/../../../arm-none-eabi/lib/thumb/v7-m/nofp/libg.a(lib_a-__atexit.o)
                              /usr/lib/gcc/arm-none-eabi/8.3.1/../../../arm-none-eabi/lib/thumb/v7-m/nofp/libg.a(lib_a-atexit.o) (__register_exitproc)
/usr/lib/gcc/arm-none-eabi/8.3.1/../../../arm-none-eabi/lib/thumb/v7-m/nofp/libg.a(lib_a-__call_atexit.o)
                              /usr/lib/gcc/arm-none-eabi/8.3.1/../../../arm-none-eabi/lib/thumb/v7-m/nofp/libg.a(lib_a-exit.o) (__call_exitprocs)

Discarded input sections

 .text          0x0000000000000000        0x0 /usr/lib/gcc/arm-none-eabi/8.3.1/thumb/v7-m/nofp/crti.o
 .data          0x0000000000000000        0x0 /usr/lib/gcc/arm-none-eabi/8.3.1/thumb/v7-m/nofp/crti.o
 .bss           0x0000000000000000        0x0 /usr/lib/gcc/arm-none-eabi/8.3.1/thumb/v7-m/nofp/crti.o
 .data          0x0000000000000000        0x4 /usr/lib/gcc/arm-none-eabi/8.3.1/thumb/v7-m/nofp/crtbegin.o
 .text          0x0000000000000000       0x70 /usr/lib/gcc/arm-none-eabi/8.3.1/../../../arm-none-eabi/lib/thumb/v7-m/nofp/crt0.o
 .data          0x0000000000000000        0x0 /usr/lib/gcc/arm-none-eabi/8.3.1/../../../arm-none-eabi/lib/thumb/v7-m/nofp/crt0.o
 .bss           0x0000000000000000        0x0 /usr/lib/gcc/arm-none-eabi/8.3.1/../../../arm-none-eabi/lib/thumb/v7-m/nofp/crt0.o
 .ARM.extab     0x0000000000000000        0x0 /usr/lib/gcc/arm-none-eabi/8.3.1/../../../arm-none-eabi/lib/thumb/v7-m/nofp/crt0.o
 .ARM.exidx     0x0000000000000000       0x10 /usr/lib/gcc/arm-none-eabi/8.3.1/../../../arm-none-eabi/lib/thumb/v7-m/nofp/crt0.o
 .debug_line    0x0000000000000000       0x87 /usr/lib/gcc/arm-none-eabi/8.3.1/../../../arm-none-eabi/lib/thumb/v7-m/nofp/crt0.o
 .debug_info    0x0000000000000000       0x26 /usr/lib/gcc/arm-none-eabi/8.3.1/../../../arm-none-eabi/lib/thumb/v7-m/nofp/crt0.o
 .debug_abbrev  0x0000000000000000       0x14 /usr/lib/gcc/arm-none-eabi/8.3.1/../../../arm-none-eabi/lib/thumb/v7-m/nofp/crt0.o
 .debug_aranges
                0x0000000000000000       0x20 /usr/lib/gcc/arm-none-eabi/8.3.1/../../../arm-none-eabi/lib/thumb/v7-m/nofp/crt0.o
 .debug_str     0x0000000000000000       0x97 /usr/lib/gcc/arm-none-eabi/8.3.1/../../../arm-none-eabi/lib/thumb/v7-m/nofp/crt0.o
 .ARM.attributes
                0x0000000000000000       0x1b /usr/lib/gcc/arm-none-eabi/8.3.1/../../../arm-none-eabi/lib/thumb/v7-m/nofp/crt0.o
 .text          0x0000000000000000        0x0 CMakeFiles/cube.elf.dir/Core/Src/main.c.obj
 .data          0x0000000000000000        0x0 CMakeFiles/cube.elf.dir/Core/Src/main.c.obj
 .bss           0x0000000000000000        0x0 CMakeFiles/cube.elf.dir/Core/Src/main.c.obj
 .text          0x0000000000000000        0x0 CMakeFiles/cube.elf.dir/Core/Src/sid.c.obj
 .data          0x0000000000000000        0x0 CMakeFiles/cube.elf.dir/Core/Src/sid.c.obj
 .bss           0x0000000000000000        0x0 CMakeFiles/cube.elf.dir/Core/Src/sid.c.obj
 .text          0x0000000000000000        0x0 CMakeFiles/cube.elf.dir/Core/Src/stm32f1xx_hal_msp.c.obj
 .data          0x0000000000000000        0x0 CMakeFiles/cube.elf.dir/Core/Src/stm32f1xx_hal_msp.c.obj
 .bss           0x0000000000000000        0x0 CMakeFiles/cube.elf.dir/Core/Src/stm32f1xx_hal_msp.c.obj
 .text.HAL_TIM_Base_MspDeInit
                0x0000000000000000       0x4c CMakeFiles/cube.elf.dir/Core/Src/stm32f1xx_hal_msp.c.obj
 .text          0x0000000000000000        0x0 CMakeFiles/cube.elf.dir/Core/Src/stm32f1xx_hal_timebase_tim.c.obj
[...]
Memory Configuration

Name             Origin             Length             Attributes
RAM              0x0000000020000000 0x0000000000005000 xrw
FLASH            0x0000000008000000 0x0000000000010000 xr
*default*        0x0000000000000000 0xffffffffffffffff

Linker script and memory map

LOAD /usr/lib/gcc/arm-none-eabi/8.3.1/thumb/v7-m/nofp/crti.o
LOAD /usr/lib/gcc/arm-none-eabi/8.3.1/thumb/v7-m/nofp/crtbegin.o
LOAD /usr/lib/gcc/arm-none-eabi/8.3.1/../../../arm-none-eabi/lib/thumb/v7-m/nofp/crt0.o
LOAD CMakeFiles/cube.elf.dir/Core/Src/main.c.obj
LOAD CMakeFiles/cube.elf.dir/Core/Src/sid.c.obj
LOAD CMakeFiles/cube.elf.dir/Core/Src/stm32f1xx_hal_msp.c.obj
LOAD CMakeFiles/cube.elf.dir/Core/Src/stm32f1xx_hal_timebase_tim.c.obj
LOAD CMakeFiles/cube.elf.dir/Core/Src/stm32f1xx_it.c.obj
LOAD CMakeFiles/cube.elf.dir/Core/Src/system_stm32f1xx.c.obj
LOAD CMakeFiles/cube.elf.dir/Core/Startup/startup_stm32f103c8tx.s.obj
LOAD CMakeFiles/cube.elf.dir/Drivers/STM32F1xx_HAL_Driver/Src/stm32f1xx_hal.c.obj
LOAD CMakeFiles/cube.elf.dir/Drivers/STM32F1xx_HAL_Driver/Src/stm32f1xx_hal_cortex.c.obj
LOAD CMakeFiles/cube.elf.dir/Drivers/STM32F1xx_HAL_Driver/Src/stm32f1xx_hal_dma.c.obj
LOAD CMakeFiles/cube.elf.dir/Drivers/STM32F1xx_HAL_Driver/Src/stm32f1xx_hal_exti.c.obj
LOAD CMakeFiles/cube.elf.dir/Drivers/STM32F1xx_HAL_Driver/Src/stm32f1xx_hal_flash.c.obj
LOAD CMakeFiles/cube.elf.dir/Drivers/STM32F1xx_HAL_Driver/Src/stm32f1xx_hal_flash_ex.c.obj
LOAD CMakeFiles/cube.elf.dir/Drivers/STM32F1xx_HAL_Driver/Src/stm32f1xx_hal_gpio.c.obj
LOAD CMakeFiles/cube.elf.dir/Drivers/STM32F1xx_HAL_Driver/Src/stm32f1xx_hal_gpio_ex.c.obj
LOAD CMakeFiles/cube.elf.dir/Drivers/STM32F1xx_HAL_Driver/Src/stm32f1xx_hal_pwr.c.obj
LOAD CMakeFiles/cube.elf.dir/Drivers/STM32F1xx_HAL_Driver/Src/stm32f1xx_hal_rcc.c.obj
LOAD CMakeFiles/cube.elf.dir/Drivers/STM32F1xx_HAL_Driver/Src/stm32f1xx_hal_rcc_ex.c.obj
LOAD CMakeFiles/cube.elf.dir/Drivers/STM32F1xx_HAL_Driver/Src/stm32f1xx_hal_tim.c.obj
LOAD CMakeFiles/cube.elf.dir/Drivers/STM32F1xx_HAL_Driver/Src/stm32f1xx_hal_tim_ex.c.obj
START GROUP
LOAD /usr/lib/gcc/arm-none-eabi/8.3.1/thumb/v7-m/nofp/libgcc.a
LOAD /usr/lib/gcc/arm-none-eabi/8.3.1/../../../arm-none-eabi/lib/thumb/v7-m/nofp/libg.a
LOAD /usr/lib/gcc/arm-none-eabi/8.3.1/../../../arm-none-eabi/lib/thumb/v7-m/nofp/libc.a
END GROUP
LOAD /usr/lib/gcc/arm-none-eabi/8.3.1/thumb/v7-m/nofp/crtend.o
LOAD /usr/lib/gcc/arm-none-eabi/8.3.1/thumb/v7-m/nofp/crtn.o
                0x0000000020005000                _estack = (ORIGIN (RAM) + LENGTH (RAM))
                0x0000000000000200                _Min_Heap_Size = 0x200
                0x0000000000000400                _Min_Stack_Size = 0x400

.isr_vector     0x0000000008000000      0x10c
                0x0000000008000000                . = ALIGN (0x4)
 *(.isr_vector)
 .isr_vector    0x0000000008000000      0x10c CMakeFiles/cube.elf.dir/Core/Startup/startup_stm32f103c8tx.s.obj
                0x0000000008000000                g_pfnVectors
                0x000000000800010c                . = ALIGN (0x4)

.text           0x000000000800010c     0x1f5c
                0x000000000800010c                . = ALIGN (0x4)
 *(.text)
 .text          0x000000000800010c       0x88 /usr/lib/gcc/arm-none-eabi/8.3.1/thumb/v7-m/nofp/crtbegin.o
 .text          0x0000000008000194        0xc /usr/lib/gcc/arm-none-eabi/8.3.1/../../../arm-none-eabi/lib/thumb/v7-m/nofp/libg.a(lib_a-atexit.o)
                0x0000000008000194                atexit
 .text          0x00000000080001a0       0x34 /usr/lib/gcc/arm-none-eabi/8.3.1/../../../arm-none-eabi/lib/thumb/v7-m/nofp/libg.a(lib_a-fini.o)
                0x00000000080001a0                __libc_fini_array
 .text          0x00000000080001d4       0x48 /usr/lib/gcc/arm-none-eabi/8.3.1/../../../arm-none-eabi/lib/thumb/v7-m/nofp/libg.a(lib_a-init.o)
                0x00000000080001d4                __libc_init_array
 .text          0x000000000800021c       0xa0 /usr/lib/gcc/arm-none-eabi/8.3.1/../../../arm-none-eabi/lib/thumb/v7-m/nofp/libg.a(lib_a-memset.o)
                0x000000000800021c                memset
 .text          0x00000000080002bc       0x64 /usr/lib/gcc/arm-none-eabi/8.3.1/../../../arm-none-eabi/lib/thumb/v7-m/nofp/libg.a(lib_a-__atexit.o)
                0x00000000080002bc                __register_exitproc
 *(.text*)
 .text.main     0x0000000008000320       0x54 CMakeFiles/cube.elf.dir/Core/Src/main.c.obj
                0x0000000008000320                main
 .text.SystemClock_Config
                0x0000000008000374       0x82 CMakeFiles/cube.elf.dir/Core/Src/main.c.obj
                0x0000000008000374                SystemClock_Config
 *fill*         0x00000000080003f6        0x2 
 .text.MX_TIM1_Init
                0x00000000080003f8       0xa8 CMakeFiles/cube.elf.dir/Core/Src/main.c.obj
 .text.MX_TIM2_Init
                0x00000000080004a0       0x98 CMakeFiles/cube.elf.dir/Core/Src/main.c.obj
 .text.MX_GPIO_Init
                0x0000000008000538      0x120 CMakeFiles/cube.elf.dir/Core/Src/main.c.obj
 .text.HAL_TIM_PeriodElapsedCallback
                0x0000000008000658       0x24 CMakeFiles/cube.elf.dir/Core/Src/main.c.obj
                0x0000000008000658                HAL_TIM_PeriodElapsedCallback
 .text.Error_Handler
                0x000000000800067c        0xc CMakeFiles/cube.elf.dir/Core/Src/main.c.obj
                0x000000000800067c                Error_Handler
 .text.sidwait  0x0000000008000688       0x2c CMakeFiles/cube.elf.dir/Core/Src/sid.c.obj
                0x0000000008000688                sidwait
 .text.sidwrite
                0x00000000080006b4      0x11c CMakeFiles/cube.elf.dir/Core/Src/sid.c.obj
                0x00000000080006b4                sidwrite
 .text.sidplay  0x00000000080007d0       0x54 CMakeFiles/cube.elf.dir/Core/Src/sid.c.obj
                0x00000000080007d0                sidplay
 .text.HAL_MspInit
                0x0000000008000824       0x64 CMakeFiles/cube.elf.dir/Core/Src/stm32f1xx_hal_msp.c.obj
                0x0000000008000824                HAL_MspInit
 .text.HAL_TIM_Base_MspInit
                0x0000000008000888       0x70 CMakeFiles/cube.elf.dir/Core/Src/stm32f1xx_hal_msp.c.obj
                0x0000000008000888                HAL_TIM_Base_MspInit
 .text.HAL_InitTick
                0x00000000080008f8       0xac CMakeFiles/cube.elf.dir/Core/Src/stm32f1xx_hal_timebase_tim.c.obj
                0x00000000080008f8                HAL_InitTick
 .text.NMI_Handler
                0x00000000080009a4        0xc CMakeFiles/cube.elf.dir/Core/Src/stm32f1xx_it.c.obj
                0x00000000080009a4                NMI_Handler
 .text.HardFault_Handler
                0x00000000080009b0        0x6 CMakeFiles/cube.elf.dir/Core/Src/stm32f1xx_it.c.obj
                0x00000000080009b0                HardFault_Handler
 .text.MemManage_Handler
                0x00000000080009b6        0x6 CMakeFiles/cube.elf.dir/Core/Src/stm32f1xx_it.c.obj
                0x00000000080009b6                MemManage_Handler
 .text.BusFault_Handler
                0x00000000080009bc        0x6 CMakeFiles/cube.elf.dir/Core/Src/stm32f1xx_it.c.obj
                0x00000000080009bc                BusFault_Handler
 .text.UsageFault_Handler
                0x00000000080009c2        0x6 CMakeFiles/cube.elf.dir/Core/Src/stm32f1xx_it.c.obj
                0x00000000080009c2                UsageFault_Handler
 .text.SVC_Handler
                0x00000000080009c8        0xc CMakeFiles/cube.elf.dir/Core/Src/stm32f1xx_it.c.obj
                0x00000000080009c8                SVC_Handler
 .text.DebugMon_Handler
                0x00000000080009d4        0xc CMakeFiles/cube.elf.dir/Core/Src/stm32f1xx_it.c.obj
                0x00000000080009d4                DebugMon_Handler
 .text.PendSV_Handler
                0x00000000080009e0        0xc CMakeFiles/cube.elf.dir/Core/Src/stm32f1xx_it.c.obj
                0x00000000080009e0                PendSV_Handler
 .text.SysTick_Handler
                0x00000000080009ec        0xc CMakeFiles/cube.elf.dir/Core/Src/stm32f1xx_it.c.obj
                0x00000000080009ec                SysTick_Handler
 .text.TIM1_UP_IRQHandler
                0x00000000080009f8       0x20 CMakeFiles/cube.elf.dir/Core/Src/stm32f1xx_it.c.obj
                0x00000000080009f8                TIM1_UP_IRQHandler
 .text.TIM4_IRQHandler
                0x0000000008000a18       0x14 CMakeFiles/cube.elf.dir/Core/Src/stm32f1xx_it.c.obj
                0x0000000008000a18                TIM4_IRQHandler
 .text.SystemInit
                0x0000000008000a2c       0x68 CMakeFiles/cube.elf.dir/Core/Src/system_stm32f1xx.c.obj
                0x0000000008000a2c                SystemInit
 .text.Reset_Handler
                0x0000000008000a94       0x48 CMakeFiles/cube.elf.dir/Core/Startup/startup_stm32f103c8tx.s.obj
                0x0000000008000a94                Reset_Handler
 .text.Default_Handler
                0x0000000008000adc        0x2 CMakeFiles/cube.elf.dir/Core/Startup/startup_stm32f103c8tx.s.obj
                0x0000000008000adc                RTC_Alarm_IRQHandler
                0x0000000008000adc                EXTI2_IRQHandler
                0x0000000008000adc                TIM1_CC_IRQHandler
                0x0000000008000adc                PVD_IRQHandler
                0x0000000008000adc                EXTI3_IRQHandler
                0x0000000008000adc                EXTI0_IRQHandler
                0x0000000008000adc                I2C2_EV_IRQHandler
                0x0000000008000adc                ADC1_2_IRQHandler
                0x0000000008000adc                SPI1_IRQHandler
                0x0000000008000adc                TAMPER_IRQHandler
                0x0000000008000adc                DMA1_Channel4_IRQHandler
                0x0000000008000adc                USART3_IRQHandler
                0x0000000008000adc                RTC_IRQHandler
                0x0000000008000adc                DMA1_Channel7_IRQHandler
                0x0000000008000adc                CAN1_RX1_IRQHandler
                0x0000000008000adc                I2C1_EV_IRQHandler
                0x0000000008000adc                DMA1_Channel6_IRQHandler
                0x0000000008000adc                TIM3_IRQHandler
                0x0000000008000adc                RCC_IRQHandler
                0x0000000008000adc                TIM1_TRG_COM_IRQHandler
                0x0000000008000adc                DMA1_Channel1_IRQHandler
                0x0000000008000adc                Default_Handler
                0x0000000008000adc                EXTI15_10_IRQHandler
                0x0000000008000adc                EXTI9_5_IRQHandler
                0x0000000008000adc                SPI2_IRQHandler
                0x0000000008000adc                DMA1_Channel5_IRQHandler
                0x0000000008000adc                EXTI4_IRQHandler
                0x0000000008000adc                USB_LP_CAN1_RX0_IRQHandler
                0x0000000008000adc                USB_HP_CAN1_TX_IRQHandler
                0x0000000008000adc                DMA1_Channel3_IRQHandler
                0x0000000008000adc                WWDG_IRQHandler
                0x0000000008000adc                TIM2_IRQHandler
                0x0000000008000adc                TIM1_BRK_IRQHandler
                0x0000000008000adc                EXTI1_IRQHandler
                0x0000000008000adc                USART2_IRQHandler
                0x0000000008000adc                I2C2_ER_IRQHandler
                0x0000000008000adc                DMA1_Channel2_IRQHandler
                0x0000000008000adc                CAN1_SCE_IRQHandler
                0x0000000008000adc                FLASH_IRQHandler
                0x0000000008000adc                USART1_IRQHandler
                0x0000000008000adc                I2C1_ER_IRQHandler
                0x0000000008000adc                USBWakeUp_IRQHandler
 *fill*         0x0000000008000ade        0x2 
 .text.HAL_Init
                0x0000000008000ae0       0x2c CMakeFiles/cube.elf.dir/Drivers/STM32F1xx_HAL_Driver/Src/stm32f1xx_hal.c.obj
                0x0000000008000ae0                HAL_Init
 .text.HAL_IncTick
                0x0000000008000b0c       0x24 CMakeFiles/cube.elf.dir/Drivers/STM32F1xx_HAL_Driver/Src/stm32f1xx_hal.c.obj
                0x0000000008000b0c                HAL_IncTick
 .text.HAL_GetTick
                0x0000000008000b30       0x14 CMakeFiles/cube.elf.dir/Drivers/STM32F1xx_HAL_Driver/Src/stm32f1xx_hal.c.obj
                0x0000000008000b30                HAL_GetTick
 .text.HAL_Delay
                0x0000000008000b44       0x44 CMakeFiles/cube.elf.dir/Drivers/STM32F1xx_HAL_Driver/Src/stm32f1xx_hal.c.obj
                0x0000000008000b44                HAL_Delay
 .text.__NVIC_SetPriorityGrouping
                0x0000000008000b88       0x48 CMakeFiles/cube.elf.dir/Drivers/STM32F1xx_HAL_Driver/Src/stm32f1xx_hal_cortex.c.obj
 .text.__NVIC_GetPriorityGrouping
                0x0000000008000bd0       0x1c CMakeFiles/cube.elf.dir/Drivers/STM32F1xx_HAL_Driver/Src/stm32f1xx_hal_cortex.c.obj
 .text.__NVIC_EnableIRQ
                0x0000000008000bec       0x38 CMakeFiles/cube.elf.dir/Drivers/STM32F1xx_HAL_Driver/Src/stm32f1xx_hal_cortex.c.obj
 .text.__NVIC_SetPriority
                0x0000000008000c24       0x54 CMakeFiles/cube.elf.dir/Drivers/STM32F1xx_HAL_Driver/Src/stm32f1xx_hal_cortex.c.obj
 .text.NVIC_EncodePriority
                0x0000000008000c78       0x64 CMakeFiles/cube.elf.dir/Drivers/STM32F1xx_HAL_Driver/Src/stm32f1xx_hal_cortex.c.obj
 .text.HAL_NVIC_SetPriorityGrouping
                0x0000000008000cdc       0x16 CMakeFiles/cube.elf.dir/Drivers/STM32F1xx_HAL_Driver/Src/stm32f1xx_hal_cortex.c.obj
                0x0000000008000cdc                HAL_NVIC_SetPriorityGrouping
 .text.HAL_NVIC_SetPriority
                0x0000000008000cf2       0x38 CMakeFiles/cube.elf.dir/Drivers/STM32F1xx_HAL_Driver/Src/stm32f1xx_hal_cortex.c.obj
                0x0000000008000cf2                HAL_NVIC_SetPriority
 .text.HAL_NVIC_EnableIRQ
                0x0000000008000d2a       0x1c CMakeFiles/cube.elf.dir/Drivers/STM32F1xx_HAL_Driver/Src/stm32f1xx_hal_cortex.c.obj
                0x0000000008000d2a                HAL_NVIC_EnableIRQ
 *fill*         0x0000000008000d46        0x2 
 .text.HAL_GPIO_Init
                0x0000000008000d48      0x2b4 CMakeFiles/cube.elf.dir/Drivers/STM32F1xx_HAL_Driver/Src/stm32f1xx_hal_gpio.c.obj
                0x0000000008000d48                HAL_GPIO_Init
 .text.HAL_GPIO_WritePin
                0x0000000008000ffc       0x30 CMakeFiles/cube.elf.dir/Drivers/STM32F1xx_HAL_Driver/Src/stm32f1xx_hal_gpio.c.obj
                0x0000000008000ffc                HAL_GPIO_WritePin
 .text.HAL_GPIO_TogglePin
                0x000000000800102c       0x30 CMakeFiles/cube.elf.dir/Drivers/STM32F1xx_HAL_Driver/Src/stm32f1xx_hal_gpio.c.obj
                0x000000000800102c                HAL_GPIO_TogglePin
 .text.HAL_RCC_OscConfig
                0x000000000800105c      0x500 CMakeFiles/cube.elf.dir/Drivers/STM32F1xx_HAL_Driver/Src/stm32f1xx_hal_rcc.c.obj
                0x000000000800105c                HAL_RCC_OscConfig
 .text.HAL_RCC_ClockConfig
                0x000000000800155c      0x1d4 CMakeFiles/cube.elf.dir/Drivers/STM32F1xx_HAL_Driver/Src/stm32f1xx_hal_rcc.c.obj
                0x000000000800155c                HAL_RCC_ClockConfig
 .text.HAL_RCC_MCOConfig
                0x0000000008001730       0x70 CMakeFiles/cube.elf.dir/Drivers/STM32F1xx_HAL_Driver/Src/stm32f1xx_hal_rcc.c.obj
                0x0000000008001730                HAL_RCC_MCOConfig
 .text.HAL_RCC_GetSysClockFreq
                0x00000000080017a0       0xc4 CMakeFiles/cube.elf.dir/Drivers/STM32F1xx_HAL_Driver/Src/stm32f1xx_hal_rcc.c.obj
                0x00000000080017a0                HAL_RCC_GetSysClockFreq
 .text.HAL_RCC_GetHCLKFreq
                0x0000000008001864       0x14 CMakeFiles/cube.elf.dir/Drivers/STM32F1xx_HAL_Driver/Src/stm32f1xx_hal_rcc.c.obj
                0x0000000008001864                HAL_RCC_GetHCLKFreq
 .text.HAL_RCC_GetPCLK1Freq
                0x0000000008001878       0x28 CMakeFiles/cube.elf.dir/Drivers/STM32F1xx_HAL_Driver/Src/stm32f1xx_hal_rcc.c.obj
                0x0000000008001878                HAL_RCC_GetPCLK1Freq
 .text.HAL_RCC_GetClockConfig
                0x00000000080018a0       0x60 CMakeFiles/cube.elf.dir/Drivers/STM32F1xx_HAL_Driver/Src/stm32f1xx_hal_rcc.c.obj
                0x00000000080018a0                HAL_RCC_GetClockConfig
 .text.RCC_Delay
                0x0000000008001900       0x3c CMakeFiles/cube.elf.dir/Drivers/STM32F1xx_HAL_Driver/Src/stm32f1xx_hal_rcc.c.obj
 .text.HAL_TIM_Base_Init
                0x000000000800193c       0x56 CMakeFiles/cube.elf.dir/Drivers/STM32F1xx_HAL_Driver/Src/stm32f1xx_hal_tim.c.obj
                0x000000000800193c                HAL_TIM_Base_Init
 .text.HAL_TIM_Base_Start_IT
                0x0000000008001992       0x46 CMakeFiles/cube.elf.dir/Drivers/STM32F1xx_HAL_Driver/Src/stm32f1xx_hal_tim.c.obj
                0x0000000008001992                HAL_TIM_Base_Start_IT
 .text.HAL_TIM_IRQHandler
                0x00000000080019d8      0x210 CMakeFiles/cube.elf.dir/Drivers/STM32F1xx_HAL_Driver/Src/stm32f1xx_hal_tim.c.obj
                0x00000000080019d8                HAL_TIM_IRQHandler
 .text.HAL_TIM_ConfigClockSource
                0x0000000008001be8      0x16e CMakeFiles/cube.elf.dir/Drivers/STM32F1xx_HAL_Driver/Src/stm32f1xx_hal_tim.c.obj
                0x0000000008001be8                HAL_TIM_ConfigClockSource
 .text.HAL_TIM_OC_DelayElapsedCallback
                0x0000000008001d56       0x12 CMakeFiles/cube.elf.dir/Drivers/STM32F1xx_HAL_Driver/Src/stm32f1xx_hal_tim.c.obj
                0x0000000008001d56                HAL_TIM_OC_DelayElapsedCallback
 .text.HAL_TIM_IC_CaptureCallback
                0x0000000008001d68       0x12 CMakeFiles/cube.elf.dir/Drivers/STM32F1xx_HAL_Driver/Src/stm32f1xx_hal_tim.c.obj
                0x0000000008001d68                HAL_TIM_IC_CaptureCallback
 .text.HAL_TIM_PWM_PulseFinishedCallback
                0x0000000008001d7a       0x12 CMakeFiles/cube.elf.dir/Drivers/STM32F1xx_HAL_Driver/Src/stm32f1xx_hal_tim.c.obj
                0x0000000008001d7a                HAL_TIM_PWM_PulseFinishedCallback
 .text.HAL_TIM_TriggerCallback
                0x0000000008001d8c       0x12 CMakeFiles/cube.elf.dir/Drivers/STM32F1xx_HAL_Driver/Src/stm32f1xx_hal_tim.c.obj
                0x0000000008001d8c                HAL_TIM_TriggerCallback
 *fill*         0x0000000008001d9e        0x2 
 .text.TIM_Base_SetConfig
                0x0000000008001da0       0xc4 CMakeFiles/cube.elf.dir/Drivers/STM32F1xx_HAL_Driver/Src/stm32f1xx_hal_tim.c.obj
                0x0000000008001da0                TIM_Base_SetConfig
 .text.TIM_TI1_ConfigInputStage
                0x0000000008001e64       0x5c CMakeFiles/cube.elf.dir/Drivers/STM32F1xx_HAL_Driver/Src/stm32f1xx_hal_tim.c.obj
 .text.TIM_TI2_ConfigInputStage
                0x0000000008001ec0       0x5e CMakeFiles/cube.elf.dir/Drivers/STM32F1xx_HAL_Driver/Src/stm32f1xx_hal_tim.c.obj
 .text.TIM_ITRx_SetConfig
                0x0000000008001f1e       0x34 CMakeFiles/cube.elf.dir/Drivers/STM32F1xx_HAL_Driver/Src/stm32f1xx_hal_tim.c.obj
 .text.TIM_ETR_SetConfig
                0x0000000008001f52       0x3e CMakeFiles/cube.elf.dir/Drivers/STM32F1xx_HAL_Driver/Src/stm32f1xx_hal_tim.c.obj
                0x0000000008001f52                TIM_ETR_SetConfig
 .text.HAL_TIMEx_MasterConfigSynchronization
                0x0000000008001f90       0x88 CMakeFiles/cube.elf.dir/Drivers/STM32F1xx_HAL_Driver/Src/stm32f1xx_hal_tim_ex.c.obj
                0x0000000008001f90                HAL_TIMEx_MasterConfigSynchronization
 .text.HAL_TIMEx_CommutCallback
                0x0000000008002018       0x12 CMakeFiles/cube.elf.dir/Drivers/STM32F1xx_HAL_Driver/Src/stm32f1xx_hal_tim_ex.c.obj
                0x0000000008002018                HAL_TIMEx_CommutCallback
 .text.HAL_TIMEx_BreakCallback
                0x000000000800202a       0x12 CMakeFiles/cube.elf.dir/Drivers/STM32F1xx_HAL_Driver/Src/stm32f1xx_hal_tim_ex.c.obj
                0x000000000800202a                HAL_TIMEx_BreakCallback
 .text.startup  0x000000000800203c       0x14 /usr/lib/gcc/arm-none-eabi/8.3.1/../../../arm-none-eabi/lib/thumb/v7-m/nofp/libg.a(lib_a-__call_atexit.o)
 *(.glue_7)
 .glue_7        0x0000000008002050        0x0 linker stubs
 *(.glue_7t)
 .glue_7t       0x0000000008002050        0x0 linker stubs
 *(.eh_frame)
 .eh_frame      0x0000000008002050        0x0 /usr/lib/gcc/arm-none-eabi/8.3.1/thumb/v7-m/nofp/crtbegin.o
 *(.init)
 .init          0x0000000008002050        0x4 /usr/lib/gcc/arm-none-eabi/8.3.1/thumb/v7-m/nofp/crti.o
                0x0000000008002050                _init
 .init          0x0000000008002054        0x8 /usr/lib/gcc/arm-none-eabi/8.3.1/thumb/v7-m/nofp/crtn.o
 *(.fini)
 .fini          0x000000000800205c        0x4 /usr/lib/gcc/arm-none-eabi/8.3.1/thumb/v7-m/nofp/crti.o
                0x000000000800205c                _fini
 .fini          0x0000000008002060        0x8 /usr/lib/gcc/arm-none-eabi/8.3.1/thumb/v7-m/nofp/crtn.o
                0x0000000008002068                . = ALIGN (0x4)
                0x0000000008002068                _etext = .

.vfp11_veneer   0x0000000008002068        0x0
 .vfp11_veneer  0x0000000008002068        0x0 linker stubs

.v4_bx          0x0000000008002068        0x0
 .v4_bx         0x0000000008002068        0x0 linker stubs

.iplt           0x0000000008002068        0x0
 .iplt          0x0000000008002068        0x0 /usr/lib/gcc/arm-none-eabi/8.3.1/thumb/v7-m/nofp/crtbegin.o

.rodata         0x0000000008002068       0x30
                0x0000000008002068                . = ALIGN (0x4)
 *(.rodata)
 .rodata        0x0000000008002068       0x12 CMakeFiles/cube.elf.dir/Drivers/STM32F1xx_HAL_Driver/Src/stm32f1xx_hal_rcc.c.obj
 *fill*         0x000000000800207a        0x2 
 .rodata        0x000000000800207c        0x4 /usr/lib/gcc/arm-none-eabi/8.3.1/../../../arm-none-eabi/lib/thumb/v7-m/nofp/libg.a(lib_a-impure.o)
                0x000000000800207c                _global_impure_ptr
 *(.rodata*)
 .rodata.AHBPrescTable
                0x0000000008002080       0x10 CMakeFiles/cube.elf.dir/Core/Src/system_stm32f1xx.c.obj
                0x0000000008002080                AHBPrescTable
 .rodata.APBPrescTable
                0x0000000008002090        0x8 CMakeFiles/cube.elf.dir/Core/Src/system_stm32f1xx.c.obj
                0x0000000008002090                APBPrescTable
                0x0000000008002098                . = ALIGN (0x4)

.rel.dyn        0x0000000008002098        0x0
 .rel.iplt      0x0000000008002098        0x0 /usr/lib/gcc/arm-none-eabi/8.3.1/thumb/v7-m/nofp/crtbegin.o

.ARM.extab      0x0000000008002098        0x0
                0x0000000008002098                . = ALIGN (0x4)
 *(.ARM.extab* .gnu.linkonce.armextab.*)
                0x0000000008002098                . = ALIGN (0x4)

.ARM            0x0000000008002098        0x0
                0x0000000008002098                . = ALIGN (0x4)
                0x0000000008002098                __exidx_start = .
 *(.ARM.exidx*)
                0x0000000008002098                __exidx_end = .
                0x0000000008002098                . = ALIGN (0x4)

.preinit_array  0x0000000008002098        0x0
                0x0000000008002098                . = ALIGN (0x4)
                0x0000000008002098                PROVIDE (__preinit_array_start = .)
 *(.preinit_array*)
                0x0000000008002098                PROVIDE (__preinit_array_end = .)
                0x0000000008002098                . = ALIGN (0x4)

.init_array     0x0000000008002098        0x8
                0x0000000008002098                . = ALIGN (0x4)
                0x0000000008002098                PROVIDE (__init_array_start = .)
 *(SORT_BY_NAME(.init_array.*))
 .init_array.00000
                0x0000000008002098        0x4 /usr/lib/gcc/arm-none-eabi/8.3.1/../../../arm-none-eabi/lib/thumb/v7-m/nofp/libg.a(lib_a-__call_atexit.o)
 *(.init_array*)
 .init_array    0x000000000800209c        0x4 /usr/lib/gcc/arm-none-eabi/8.3.1/thumb/v7-m/nofp/crtbegin.o
                0x00000000080020a0                PROVIDE (__init_array_end = .)
                0x00000000080020a0                . = ALIGN (0x4)

.fini_array     0x00000000080020a0        0x4
                0x00000000080020a0                . = ALIGN (0x4)
                0x00000000080020a0                PROVIDE (__fini_array_start = .)
 *(SORT_BY_NAME(.fini_array.*))
 *(.fini_array*)
 .fini_array    0x00000000080020a0        0x4 /usr/lib/gcc/arm-none-eabi/8.3.1/thumb/v7-m/nofp/crtbegin.o
                0x00000000080020a4                PROVIDE (__fini_array_end = .)
                0x00000000080020a4                . = ALIGN (0x4)
                0x00000000080020a4                _sidata = LOADADDR (.data)

.data           0x0000000020000000      0x43c load address 0x00000000080020a4
                0x0000000020000000                . = ALIGN (0x4)
                0x0000000020000000                _sdata = .
 *(.data)
 .data          0x0000000020000000      0x430 /usr/lib/gcc/arm-none-eabi/8.3.1/../../../arm-none-eabi/lib/thumb/v7-m/nofp/libg.a(lib_a-impure.o)
                0x0000000020000000                _impure_ptr
 *(.data*)
 .data.SystemCoreClock
                0x0000000020000430        0x4 CMakeFiles/cube.elf.dir/Core/Src/system_stm32f1xx.c.obj
                0x0000000020000430                SystemCoreClock
 .data.uwTickPrio
                0x0000000020000434        0x4 CMakeFiles/cube.elf.dir/Drivers/STM32F1xx_HAL_Driver/Src/stm32f1xx_hal.c.obj
                0x0000000020000434                uwTickPrio
 .data.uwTickFreq
                0x0000000020000438        0x1 CMakeFiles/cube.elf.dir/Drivers/STM32F1xx_HAL_Driver/Src/stm32f1xx_hal.c.obj
                0x0000000020000438                uwTickFreq
                0x000000002000043c                . = ALIGN (0x4)
 *fill*         0x0000000020000439        0x3 
                0x000000002000043c                _edata = .

.tm_clone_table
                0x000000002000043c        0x0 load address 0x00000000080024e0
 .tm_clone_table
                0x000000002000043c        0x0 /usr/lib/gcc/arm-none-eabi/8.3.1/thumb/v7-m/nofp/crtbegin.o
 .tm_clone_table
                0x000000002000043c        0x0 /usr/lib/gcc/arm-none-eabi/8.3.1/thumb/v7-m/nofp/crtend.o

.igot.plt       0x000000002000043c        0x0 load address 0x00000000080024e0
 .igot.plt      0x000000002000043c        0x0 /usr/lib/gcc/arm-none-eabi/8.3.1/thumb/v7-m/nofp/crtbegin.o
                0x000000002000043c                . = ALIGN (0x4)

.bss            0x000000002000043c       0xe0 load address 0x00000000080024e0
                0x000000002000043c                _sbss = .
                0x000000002000043c                __bss_start__ = _sbss
 *(.bss)
 .bss           0x000000002000043c       0x1c /usr/lib/gcc/arm-none-eabi/8.3.1/thumb/v7-m/nofp/crtbegin.o
 *(.bss*)
 .bss.htim1     0x0000000020000458       0x40 CMakeFiles/cube.elf.dir/Core/Src/main.c.obj
                0x0000000020000458                htim1
 .bss.htim2     0x0000000020000498       0x40 CMakeFiles/cube.elf.dir/Core/Src/main.c.obj
                0x0000000020000498                htim2
 .bss.htim4     0x00000000200004d8       0x40 CMakeFiles/cube.elf.dir/Core/Src/stm32f1xx_hal_timebase_tim.c.obj
                0x00000000200004d8                htim4
 .bss.uwTick    0x0000000020000518        0x4 CMakeFiles/cube.elf.dir/Drivers/STM32F1xx_HAL_Driver/Src/stm32f1xx_hal.c.obj
                0x0000000020000518                uwTick
 *(COMMON)
                0x000000002000051c                . = ALIGN (0x4)
                0x000000002000051c                _ebss = .
                0x000000002000051c                __bss_end__ = _ebss

._user_heap_stack
                0x000000002000051c      0x604 load address 0x00000000080024e0
                0x0000000020000520                . = ALIGN (0x8)
 *fill*         0x000000002000051c        0x4 
                [!provide]                        PROVIDE (end = .)
                [!provide]                        PROVIDE (_end = .)
                0x0000000020000720                . = (. + _Min_Heap_Size)
 *fill*         0x0000000020000520      0x200 
                0x0000000020000b20                . = (. + _Min_Stack_Size)
 *fill*         0x0000000020000720      0x400 
                0x0000000020000b20                . = ALIGN (0x8)

/DISCARD/
 libc.a(*)
 libm.a(*)
 libgcc.a(*)

.ARM.attributes
                0x0000000000000000       0x29
 *(.ARM.attributes)
 .ARM.attributes
                0x0000000000000000       0x1d /usr/lib/gcc/arm-none-eabi/8.3.1/thumb/v7-m/nofp/crti.o
 .ARM.attributes
                0x000000000000001d       0x2d /usr/lib/gcc/arm-none-eabi/8.3.1/thumb/v7-m/nofp/crtbegin.o
 .ARM.attributes
                0x000000000000004a       0x2d CMakeFiles/cube.elf.dir/Core/Src/main.c.obj
 .ARM.attributes
                0x0000000000000077       0x2d CMakeFiles/cube.elf.dir/Core/Src/sid.c.obj
 .ARM.attributes
                0x00000000000000a4       0x2d CMakeFiles/cube.elf.dir/Core/Src/stm32f1xx_hal_msp.c.obj
 .ARM.attributes
                0x00000000000000d1       0x2d CMakeFiles/cube.elf.dir/Core/Src/stm32f1xx_hal_timebase_tim.c.obj
 .ARM.attributes
                0x00000000000000fe       0x2d CMakeFiles/cube.elf.dir/Core/Src/stm32f1xx_it.c.obj
 .ARM.attributes
                0x000000000000012b       0x2d CMakeFiles/cube.elf.dir/Core/Src/system_stm32f1xx.c.obj
 .ARM.attributes
                0x0000000000000158       0x21 CMakeFiles/cube.elf.dir/Core/Startup/startup_stm32f103c8tx.s.obj
 .ARM.attributes
                0x0000000000000179       0x2d CMakeFiles/cube.elf.dir/Drivers/STM32F1xx_HAL_Driver/Src/stm32f1xx_hal.c.obj
 .ARM.attributes
                0x00000000000001a6       0x2d CMakeFiles/cube.elf.dir/Drivers/STM32F1xx_HAL_Driver/Src/stm32f1xx_hal_cortex.c.obj
 .ARM.attributes
                0x00000000000001d3       0x2d CMakeFiles/cube.elf.dir/Drivers/STM32F1xx_HAL_Driver/Src/stm32f1xx_hal_gpio.c.obj
 .ARM.attributes
                0x0000000000000200       0x2d CMakeFiles/cube.elf.dir/Drivers/STM32F1xx_HAL_Driver/Src/stm32f1xx_hal_rcc.c.obj
 .ARM.attributes
                0x000000000000022d       0x2d CMakeFiles/cube.elf.dir/Drivers/STM32F1xx_HAL_Driver/Src/stm32f1xx_hal_tim.c.obj
 .ARM.attributes
                0x000000000000025a       0x2d CMakeFiles/cube.elf.dir/Drivers/STM32F1xx_HAL_Driver/Src/stm32f1xx_hal_tim_ex.c.obj
 .ARM.attributes
                0x0000000000000287       0x2d /usr/lib/gcc/arm-none-eabi/8.3.1/../../../arm-none-eabi/lib/thumb/v7-m/nofp/libg.a(lib_a-atexit.o)
 .ARM.attributes
                0x00000000000002b4       0x2d /usr/lib/gcc/arm-none-eabi/8.3.1/../../../arm-none-eabi/lib/thumb/v7-m/nofp/libg.a(lib_a-fini.o)
 .ARM.attributes
                0x00000000000002e1       0x2d /usr/lib/gcc/arm-none-eabi/8.3.1/../../../arm-none-eabi/lib/thumb/v7-m/nofp/libg.a(lib_a-impure.o)
 .ARM.attributes
                0x000000000000030e       0x2d /usr/lib/gcc/arm-none-eabi/8.3.1/../../../arm-none-eabi/lib/thumb/v7-m/nofp/libg.a(lib_a-init.o)
 .ARM.attributes
                0x000000000000033b       0x2d /usr/lib/gcc/arm-none-eabi/8.3.1/../../../arm-none-eabi/lib/thumb/v7-m/nofp/libg.a(lib_a-memset.o)
 .ARM.attributes
                0x0000000000000368       0x2d /usr/lib/gcc/arm-none-eabi/8.3.1/../../../arm-none-eabi/lib/thumb/v7-m/nofp/libg.a(lib_a-__atexit.o)
 .ARM.attributes
                0x0000000000000395       0x2d /usr/lib/gcc/arm-none-eabi/8.3.1/../../../arm-none-eabi/lib/thumb/v7-m/nofp/libg.a(lib_a-__call_atexit.o)
 .ARM.attributes
                0x00000000000003c2       0x2d /usr/lib/gcc/arm-none-eabi/8.3.1/thumb/v7-m/nofp/crtend.o
 .ARM.attributes
                0x00000000000003ef       0x1d /usr/lib/gcc/arm-none-eabi/8.3.1/thumb/v7-m/nofp/crtn.o
OUTPUT(cube.elf elf32-littlearm)
LOAD linker stubs
LOAD /usr/lib/gcc/arm-none-eabi/8.3.1/../../../arm-none-eabi/lib/thumb/v7-m/nofp/libc.a
LOAD /usr/lib/gcc/arm-none-eabi/8.3.1/../../../arm-none-eabi/lib/thumb/v7-m/nofp/libm.a
LOAD /usr/lib/gcc/arm-none-eabi/8.3.1/thumb/v7-m/nofp/libgcc.a

.comment        0x0000000000000000       0x4e
 .comment       0x0000000000000000       0x4e /usr/lib/gcc/arm-none-eabi/8.3.1/thumb/v7-m/nofp/crtbegin.o
                                         0x4f (size before relaxing)
 .comment       0x000000000000004e       0x4f CMakeFiles/cube.elf.dir/Core/Src/main.c.obj
 .comment       0x000000000000004e       0x4f CMakeFiles/cube.elf.dir/Core/Src/sid.c.obj
 .comment       0x000000000000004e       0x4f CMakeFiles/cube.elf.dir/Core/Src/stm32f1xx_hal_msp.c.obj
 .comment       0x000000000000004e       0x4f CMakeFiles/cube.elf.dir/Core/Src/stm32f1xx_hal_timebase_tim.c.obj
 .comment       0x000000000000004e       0x4f CMakeFiles/cube.elf.dir/Core/Src/stm32f1xx_it.c.obj
 .comment       0x000000000000004e       0x4f CMakeFiles/cube.elf.dir/Core/Src/system_stm32f1xx.c.obj
 .comment       0x000000000000004e       0x4f CMakeFiles/cube.elf.dir/Drivers/STM32F1xx_HAL_Driver/Src/stm32f1xx_hal.c.obj
 .comment       0x000000000000004e       0x4f CMakeFiles/cube.elf.dir/Drivers/STM32F1xx_HAL_Driver/Src/stm32f1xx_hal_cortex.c.obj
 .comment       0x000000000000004e       0x4f CMakeFiles/cube.elf.dir/Drivers/STM32F1xx_HAL_Driver/Src/stm32f1xx_hal_gpio.c.obj
 .comment       0x000000000000004e       0x4f CMakeFiles/cube.elf.dir/Drivers/STM32F1xx_HAL_Driver/Src/stm32f1xx_hal_rcc.c.obj
 .comment       0x000000000000004e       0x4f CMakeFiles/cube.elf.dir/Drivers/STM32F1xx_HAL_Driver/Src/stm32f1xx_hal_tim.c.obj
 .comment       0x000000000000004e       0x4f CMakeFiles/cube.elf.dir/Drivers/STM32F1xx_HAL_Driver/Src/stm32f1xx_hal_tim_ex.c.obj
 .comment       0x000000000000004e       0x4f /usr/lib/gcc/arm-none-eabi/8.3.1/../../../arm-none-eabi/lib/thumb/v7-m/nofp/libg.a(lib_a-atexit.o)
 .comment       0x000000000000004e       0x4f /usr/lib/gcc/arm-none-eabi/8.3.1/../../../arm-none-eabi/lib/thumb/v7-m/nofp/libg.a(lib_a-fini.o)
 .comment       0x000000000000004e       0x4f /usr/lib/gcc/arm-none-eabi/8.3.1/../../../arm-none-eabi/lib/thumb/v7-m/nofp/libg.a(lib_a-impure.o)
 .comment       0x000000000000004e       0x4f /usr/lib/gcc/arm-none-eabi/8.3.1/../../../arm-none-eabi/lib/thumb/v7-m/nofp/libg.a(lib_a-init.o)
 .comment       0x000000000000004e       0x4f /usr/lib/gcc/arm-none-eabi/8.3.1/../../../arm-none-eabi/lib/thumb/v7-m/nofp/libg.a(lib_a-memset.o)
 .comment       0x000000000000004e       0x4f /usr/lib/gcc/arm-none-eabi/8.3.1/../../../arm-none-eabi/lib/thumb/v7-m/nofp/libg.a(lib_a-__atexit.o)
 .comment       0x000000000000004e       0x4f /usr/lib/gcc/arm-none-eabi/8.3.1/../../../arm-none-eabi/lib/thumb/v7-m/nofp/libg.a(lib_a-__call_atexit.o)
 .comment       0x000000000000004e       0x4f /usr/lib/gcc/arm-none-eabi/8.3.1/thumb/v7-m/nofp/crtend.o

.debug_info     0x0000000000000000     0xbdf8
 .debug_info    0x0000000000000000      0xb21 CMakeFiles/cube.elf.dir/Core/Src/main.c.obj
 .debug_info    0x0000000000000b21      0x28d CMakeFiles/cube.elf.dir/Core/Src/sid.c.obj
 .debug_info    0x0000000000000dae      0x95d CMakeFiles/cube.elf.dir/Core/Src/stm32f1xx_hal_msp.c.obj
 .debug_info    0x000000000000170b      0x937 CMakeFiles/cube.elf.dir/Core/Src/stm32f1xx_hal_timebase_tim.c.obj
 .debug_info    0x0000000000002042      0x776 CMakeFiles/cube.elf.dir/Core/Src/stm32f1xx_it.c.obj
 .debug_info    0x00000000000027b8      0x43e CMakeFiles/cube.elf.dir/Core/Src/system_stm32f1xx.c.obj
 .debug_info    0x0000000000002bf6       0x22 CMakeFiles/cube.elf.dir/Core/Startup/startup_stm32f103c8tx.s.obj
 .debug_info    0x0000000000002c18      0x723 CMakeFiles/cube.elf.dir/Drivers/STM32F1xx_HAL_Driver/Src/stm32f1xx_hal.c.obj
 .debug_info    0x000000000000333b      0xba1 CMakeFiles/cube.elf.dir/Drivers/STM32F1xx_HAL_Driver/Src/stm32f1xx_hal_cortex.c.obj
 .debug_info    0x0000000000003edc      0x6aa CMakeFiles/cube.elf.dir/Drivers/STM32F1xx_HAL_Driver/Src/stm32f1xx_hal_gpio.c.obj
 .debug_info    0x0000000000004586      0x847 CMakeFiles/cube.elf.dir/Drivers/STM32F1xx_HAL_Driver/Src/stm32f1xx_hal_rcc.c.obj
 .debug_info    0x0000000000004dcd     0x2639 CMakeFiles/cube.elf.dir/Drivers/STM32F1xx_HAL_Driver/Src/stm32f1xx_hal_tim.c.obj
 .debug_info    0x0000000000007406     0x11cb CMakeFiles/cube.elf.dir/Drivers/STM32F1xx_HAL_Driver/Src/stm32f1xx_hal_tim_ex.c.obj
 .debug_info    0x00000000000085d1      0x995 /usr/lib/gcc/arm-none-eabi/8.3.1/../../../arm-none-eabi/lib/thumb/v7-m/nofp/libg.a(lib_a-atexit.o)
 .debug_info    0x0000000000008f66      0x102 /usr/lib/gcc/arm-none-eabi/8.3.1/../../../arm-none-eabi/lib/thumb/v7-m/nofp/libg.a(lib_a-fini.o)
 .debug_info    0x0000000000009068      0x92a /usr/lib/gcc/arm-none-eabi/8.3.1/../../../arm-none-eabi/lib/thumb/v7-m/nofp/libg.a(lib_a-impure.o)
 .debug_info    0x0000000000009992      0x11a /usr/lib/gcc/arm-none-eabi/8.3.1/../../../arm-none-eabi/lib/thumb/v7-m/nofp/libg.a(lib_a-init.o)
 .debug_info    0x0000000000009aac      0xf21 /usr/lib/gcc/arm-none-eabi/8.3.1/../../../arm-none-eabi/lib/thumb/v7-m/nofp/libg.a(lib_a-memset.o)
 .debug_info    0x000000000000a9cd      0x9d5 /usr/lib/gcc/arm-none-eabi/8.3.1/../../../arm-none-eabi/lib/thumb/v7-m/nofp/libg.a(lib_a-__atexit.o)
 .debug_info    0x000000000000b3a2      0xa56 /usr/lib/gcc/arm-none-eabi/8.3.1/../../../arm-none-eabi/lib/thumb/v7-m/nofp/libg.a(lib_a-__call_atexit.o)

.debug_abbrev   0x0000000000000000     0x2485
 .debug_abbrev  0x0000000000000000      0x243 CMakeFiles/cube.elf.dir/Core/Src/main.c.obj
 .debug_abbrev  0x0000000000000243      0x15c CMakeFiles/cube.elf.dir/Core/Src/sid.c.obj
 .debug_abbrev  0x000000000000039f      0x1b4 CMakeFiles/cube.elf.dir/Core/Src/stm32f1xx_hal_msp.c.obj
 .debug_abbrev  0x0000000000000553      0x1bc CMakeFiles/cube.elf.dir/Core/Src/stm32f1xx_hal_timebase_tim.c.obj
 .debug_abbrev  0x000000000000070f      0x173 CMakeFiles/cube.elf.dir/Core/Src/stm32f1xx_it.c.obj
 .debug_abbrev  0x0000000000000882      0x14b CMakeFiles/cube.elf.dir/Core/Src/system_stm32f1xx.c.obj
 .debug_abbrev  0x00000000000009cd       0x12 CMakeFiles/cube.elf.dir/Core/Startup/startup_stm32f103c8tx.s.obj
 .debug_abbrev  0x00000000000009df      0x1fd CMakeFiles/cube.elf.dir/Drivers/STM32F1xx_HAL_Driver/Src/stm32f1xx_hal.c.obj
 .debug_abbrev  0x0000000000000bdc      0x310 CMakeFiles/cube.elf.dir/Drivers/STM32F1xx_HAL_Driver/Src/stm32f1xx_hal_cortex.c.obj
 .debug_abbrev  0x0000000000000eec      0x1e5 CMakeFiles/cube.elf.dir/Drivers/STM32F1xx_HAL_Driver/Src/stm32f1xx_hal_gpio.c.obj
 .debug_abbrev  0x00000000000010d1      0x270 CMakeFiles/cube.elf.dir/Drivers/STM32F1xx_HAL_Driver/Src/stm32f1xx_hal_rcc.c.obj
 .debug_abbrev  0x0000000000001341      0x25b CMakeFiles/cube.elf.dir/Drivers/STM32F1xx_HAL_Driver/Src/stm32f1xx_hal_tim.c.obj
 .debug_abbrev  0x000000000000159c      0x249 CMakeFiles/cube.elf.dir/Drivers/STM32F1xx_HAL_Driver/Src/stm32f1xx_hal_tim_ex.c.obj
 .debug_abbrev  0x00000000000017e5      0x232 /usr/lib/gcc/arm-none-eabi/8.3.1/../../../arm-none-eabi/lib/thumb/v7-m/nofp/libg.a(lib_a-atexit.o)
 .debug_abbrev  0x0000000000001a17       0xcf /usr/lib/gcc/arm-none-eabi/8.3.1/../../../arm-none-eabi/lib/thumb/v7-m/nofp/libg.a(lib_a-fini.o)
 .debug_abbrev  0x0000000000001ae6      0x1b8 /usr/lib/gcc/arm-none-eabi/8.3.1/../../../arm-none-eabi/lib/thumb/v7-m/nofp/libg.a(lib_a-impure.o)
 .debug_abbrev  0x0000000000001c9e       0xcc /usr/lib/gcc/arm-none-eabi/8.3.1/../../../arm-none-eabi/lib/thumb/v7-m/nofp/libg.a(lib_a-init.o)
 .debug_abbrev  0x0000000000001d6a      0x217 /usr/lib/gcc/arm-none-eabi/8.3.1/../../../arm-none-eabi/lib/thumb/v7-m/nofp/libg.a(lib_a-memset.o)
 .debug_abbrev  0x0000000000001f81      0x252 /usr/lib/gcc/arm-none-eabi/8.3.1/../../../arm-none-eabi/lib/thumb/v7-m/nofp/libg.a(lib_a-__atexit.o)
 .debug_abbrev  0x00000000000021d3      0x2b2 /usr/lib/gcc/arm-none-eabi/8.3.1/../../../arm-none-eabi/lib/thumb/v7-m/nofp/libg.a(lib_a-__call_atexit.o)

.debug_aranges  0x0000000000000000      0xa40
 .debug_aranges
                0x0000000000000000       0x50 CMakeFiles/cube.elf.dir/Core/Src/main.c.obj
 .debug_aranges
                0x0000000000000050       0x30 CMakeFiles/cube.elf.dir/Core/Src/sid.c.obj
 .debug_aranges
                0x0000000000000080       0x30 CMakeFiles/cube.elf.dir/Core/Src/stm32f1xx_hal_msp.c.obj
 .debug_aranges
                0x00000000000000b0       0x30 CMakeFiles/cube.elf.dir/Core/Src/stm32f1xx_hal_timebase_tim.c.obj
 .debug_aranges
                0x00000000000000e0       0x70 CMakeFiles/cube.elf.dir/Core/Src/stm32f1xx_it.c.obj
 .debug_aranges
                0x0000000000000150       0x28 CMakeFiles/cube.elf.dir/Core/Src/system_stm32f1xx.c.obj
 .debug_aranges
                0x0000000000000178       0x28 CMakeFiles/cube.elf.dir/Core/Startup/startup_stm32f103c8tx.s.obj
 .debug_aranges
                0x00000000000001a0       0xe0 CMakeFiles/cube.elf.dir/Drivers/STM32F1xx_HAL_Driver/Src/stm32f1xx_hal.c.obj
 .debug_aranges
                0x0000000000000280      0x100 CMakeFiles/cube.elf.dir/Drivers/STM32F1xx_HAL_Driver/Src/stm32f1xx_hal_cortex.c.obj
 .debug_aranges
                0x0000000000000380       0x58 CMakeFiles/cube.elf.dir/Drivers/STM32F1xx_HAL_Driver/Src/stm32f1xx_hal_gpio.c.obj
 .debug_aranges
                0x00000000000003d8       0x90 CMakeFiles/cube.elf.dir/Drivers/STM32F1xx_HAL_Driver/Src/stm32f1xx_hal_rcc.c.obj
 .debug_aranges
                0x0000000000000468      0x3a8 CMakeFiles/cube.elf.dir/Drivers/STM32F1xx_HAL_Driver/Src/stm32f1xx_hal_tim.c.obj
 .debug_aranges
                0x0000000000000810      0x150 CMakeFiles/cube.elf.dir/Drivers/STM32F1xx_HAL_Driver/Src/stm32f1xx_hal_tim_ex.c.obj
 .debug_aranges
                0x0000000000000960       0x20 /usr/lib/gcc/arm-none-eabi/8.3.1/../../../arm-none-eabi/lib/thumb/v7-m/nofp/libg.a(lib_a-atexit.o)
 .debug_aranges
                0x0000000000000980       0x20 /usr/lib/gcc/arm-none-eabi/8.3.1/../../../arm-none-eabi/lib/thumb/v7-m/nofp/libg.a(lib_a-fini.o)
 .debug_aranges
                0x00000000000009a0       0x18 /usr/lib/gcc/arm-none-eabi/8.3.1/../../../arm-none-eabi/lib/thumb/v7-m/nofp/libg.a(lib_a-impure.o)
 .debug_aranges
                0x00000000000009b8       0x20 /usr/lib/gcc/arm-none-eabi/8.3.1/../../../arm-none-eabi/lib/thumb/v7-m/nofp/libg.a(lib_a-init.o)
 .debug_aranges
                0x00000000000009d8       0x20 /usr/lib/gcc/arm-none-eabi/8.3.1/../../../arm-none-eabi/lib/thumb/v7-m/nofp/libg.a(lib_a-memset.o)
 .debug_aranges
                0x00000000000009f8       0x20 /usr/lib/gcc/arm-none-eabi/8.3.1/../../../arm-none-eabi/lib/thumb/v7-m/nofp/libg.a(lib_a-__atexit.o)
 .debug_aranges
                0x0000000000000a18       0x28 /usr/lib/gcc/arm-none-eabi/8.3.1/../../../arm-none-eabi/lib/thumb/v7-m/nofp/libg.a(lib_a-__call_atexit.o)

.debug_ranges   0x0000000000000000      0x8d0
 .debug_ranges  0x0000000000000000       0x40 CMakeFiles/cube.elf.dir/Core/Src/main.c.obj
 .debug_ranges  0x0000000000000040       0x20 CMakeFiles/cube.elf.dir/Core/Src/sid.c.obj
 .debug_ranges  0x0000000000000060       0x20 CMakeFiles/cube.elf.dir/Core/Src/stm32f1xx_hal_msp.c.obj
 .debug_ranges  0x0000000000000080       0x20 CMakeFiles/cube.elf.dir/Core/Src/stm32f1xx_hal_timebase_tim.c.obj
 .debug_ranges  0x00000000000000a0       0x60 CMakeFiles/cube.elf.dir/Core/Src/stm32f1xx_it.c.obj
 .debug_ranges  0x0000000000000100       0x18 CMakeFiles/cube.elf.dir/Core/Src/system_stm32f1xx.c.obj
 .debug_ranges  0x0000000000000118       0x20 CMakeFiles/cube.elf.dir/Core/Startup/startup_stm32f103c8tx.s.obj
 .debug_ranges  0x0000000000000138       0xd0 CMakeFiles/cube.elf.dir/Drivers/STM32F1xx_HAL_Driver/Src/stm32f1xx_hal.c.obj
 .debug_ranges  0x0000000000000208       0xf0 CMakeFiles/cube.elf.dir/Drivers/STM32F1xx_HAL_Driver/Src/stm32f1xx_hal_cortex.c.obj
 .debug_ranges  0x00000000000002f8       0x48 CMakeFiles/cube.elf.dir/Drivers/STM32F1xx_HAL_Driver/Src/stm32f1xx_hal_gpio.c.obj
 .debug_ranges  0x0000000000000340       0x80 CMakeFiles/cube.elf.dir/Drivers/STM32F1xx_HAL_Driver/Src/stm32f1xx_hal_rcc.c.obj
 .debug_ranges  0x00000000000003c0      0x398 CMakeFiles/cube.elf.dir/Drivers/STM32F1xx_HAL_Driver/Src/stm32f1xx_hal_tim.c.obj
 .debug_ranges  0x0000000000000758      0x140 CMakeFiles/cube.elf.dir/Drivers/STM32F1xx_HAL_Driver/Src/stm32f1xx_hal_tim_ex.c.obj
 .debug_ranges  0x0000000000000898       0x38 /usr/lib/gcc/arm-none-eabi/8.3.1/../../../arm-none-eabi/lib/thumb/v7-m/nofp/libg.a(lib_a-__call_atexit.o)

.debug_line     0x0000000000000000     0x6400
 .debug_line    0x0000000000000000      0x3c6 CMakeFiles/cube.elf.dir/Core/Src/main.c.obj
 .debug_line    0x00000000000003c6      0x239 CMakeFiles/cube.elf.dir/Core/Src/sid.c.obj
 .debug_line    0x00000000000005ff      0x24d CMakeFiles/cube.elf.dir/Core/Src/stm32f1xx_hal_msp.c.obj
 .debug_line    0x000000000000084c      0x26e CMakeFiles/cube.elf.dir/Core/Src/stm32f1xx_hal_timebase_tim.c.obj
 .debug_line    0x0000000000000aba      0x2c7 CMakeFiles/cube.elf.dir/Core/Src/stm32f1xx_it.c.obj
 .debug_line    0x0000000000000d81      0x260 CMakeFiles/cube.elf.dir/Core/Src/system_stm32f1xx.c.obj
 .debug_line    0x0000000000000fe1       0x9f CMakeFiles/cube.elf.dir/Core/Startup/startup_stm32f103c8tx.s.obj
 .debug_line    0x0000000000001080      0x472 CMakeFiles/cube.elf.dir/Drivers/STM32F1xx_HAL_Driver/Src/stm32f1xx_hal.c.obj
 .debug_line    0x00000000000014f2      0x64c CMakeFiles/cube.elf.dir/Drivers/STM32F1xx_HAL_Driver/Src/stm32f1xx_hal_cortex.c.obj
 .debug_line    0x0000000000001b3e      0x54b CMakeFiles/cube.elf.dir/Drivers/STM32F1xx_HAL_Driver/Src/stm32f1xx_hal_gpio.c.obj
 .debug_line    0x0000000000002089      0x8de CMakeFiles/cube.elf.dir/Drivers/STM32F1xx_HAL_Driver/Src/stm32f1xx_hal_rcc.c.obj
 .debug_line    0x0000000000002967     0x2356 CMakeFiles/cube.elf.dir/Drivers/STM32F1xx_HAL_Driver/Src/stm32f1xx_hal_tim.c.obj
 .debug_line    0x0000000000004cbd      0xc9c CMakeFiles/cube.elf.dir/Drivers/STM32F1xx_HAL_Driver/Src/stm32f1xx_hal_tim_ex.c.obj
 .debug_line    0x0000000000005959      0x14a /usr/lib/gcc/arm-none-eabi/8.3.1/../../../arm-none-eabi/lib/thumb/v7-m/nofp/libg.a(lib_a-atexit.o)
 .debug_line    0x0000000000005aa3       0xd7 /usr/lib/gcc/arm-none-eabi/8.3.1/../../../arm-none-eabi/lib/thumb/v7-m/nofp/libg.a(lib_a-fini.o)
 .debug_line    0x0000000000005b7a       0xe3 /usr/lib/gcc/arm-none-eabi/8.3.1/../../../arm-none-eabi/lib/thumb/v7-m/nofp/libg.a(lib_a-impure.o)
 .debug_line    0x0000000000005c5d      0x114 /usr/lib/gcc/arm-none-eabi/8.3.1/../../../arm-none-eabi/lib/thumb/v7-m/nofp/libg.a(lib_a-init.o)
 .debug_line    0x0000000000005d71      0x26b /usr/lib/gcc/arm-none-eabi/8.3.1/../../../arm-none-eabi/lib/thumb/v7-m/nofp/libg.a(lib_a-memset.o)
 .debug_line    0x0000000000005fdc      0x1e7 /usr/lib/gcc/arm-none-eabi/8.3.1/../../../arm-none-eabi/lib/thumb/v7-m/nofp/libg.a(lib_a-__atexit.o)
 .debug_line    0x00000000000061c3      0x23d /usr/lib/gcc/arm-none-eabi/8.3.1/../../../arm-none-eabi/lib/thumb/v7-m/nofp/libg.a(lib_a-__call_atexit.o)

.debug_str      0x0000000000000000     0x367f
 .debug_str     0x0000000000000000      0x8b0 CMakeFiles/cube.elf.dir/Core/Src/main.c.obj
                                        0x935 (size before relaxing)
 .debug_str     0x00000000000008b0       0x56 CMakeFiles/cube.elf.dir/Core/Src/sid.c.obj
                                        0x2d5 (size before relaxing)
 .debug_str     0x0000000000000906      0x380 CMakeFiles/cube.elf.dir/Core/Src/stm32f1xx_hal_msp.c.obj
                                        0x9c4 (size before relaxing)
 .debug_str     0x0000000000000c86       0xc5 CMakeFiles/cube.elf.dir/Core/Src/stm32f1xx_hal_timebase_tim.c.obj
                                        0xa5a (size before relaxing)
 .debug_str     0x0000000000000d4b       0xe9 CMakeFiles/cube.elf.dir/Core/Src/stm32f1xx_it.c.obj
                                        0x713 (size before relaxing)
 .debug_str     0x0000000000000e34       0xc1 CMakeFiles/cube.elf.dir/Core/Src/system_stm32f1xx.c.obj
                                        0x35c (size before relaxing)
 .debug_str     0x0000000000000ef5       0x4f CMakeFiles/cube.elf.dir/Core/Startup/startup_stm32f103c8tx.s.obj
                                         0x6d (size before relaxing)
 .debug_str     0x0000000000000f44      0x237 CMakeFiles/cube.elf.dir/Drivers/STM32F1xx_HAL_Driver/Src/stm32f1xx_hal.c.obj
                                        0x830 (size before relaxing)
 .debug_str     0x000000000000117b      0x3c7 CMakeFiles/cube.elf.dir/Drivers/STM32F1xx_HAL_Driver/Src/stm32f1xx_hal_cortex.c.obj
                                        0x997 (size before relaxing)
 .debug_str     0x0000000000001542      0x165 CMakeFiles/cube.elf.dir/Drivers/STM32F1xx_HAL_Driver/Src/stm32f1xx_hal_gpio.c.obj
                                        0x4dd (size before relaxing)
 .debug_str     0x00000000000016a7      0x22b CMakeFiles/cube.elf.dir/Drivers/STM32F1xx_HAL_Driver/Src/stm32f1xx_hal_rcc.c.obj
                                        0x698 (size before relaxing)
 .debug_str     0x00000000000018d2      0xd7a CMakeFiles/cube.elf.dir/Drivers/STM32F1xx_HAL_Driver/Src/stm32f1xx_hal_tim.c.obj
                                       0x14bb (size before relaxing)
 .debug_str     0x000000000000264c      0x54a CMakeFiles/cube.elf.dir/Drivers/STM32F1xx_HAL_Driver/Src/stm32f1xx_hal_tim_ex.c.obj
                                        0xcbb (size before relaxing)
 .debug_str     0x0000000000002b96      0x518 /usr/lib/gcc/arm-none-eabi/8.3.1/../../../arm-none-eabi/lib/thumb/v7-m/nofp/libg.a(lib_a-atexit.o)
                                        0x5e3 (size before relaxing)
 .debug_str     0x00000000000030ae       0xc4 /usr/lib/gcc/arm-none-eabi/8.3.1/../../../arm-none-eabi/lib/thumb/v7-m/nofp/libg.a(lib_a-fini.o)
                                        0x1f2 (size before relaxing)
 .debug_str     0x0000000000003172       0x97 /usr/lib/gcc/arm-none-eabi/8.3.1/../../../arm-none-eabi/lib/thumb/v7-m/nofp/libg.a(lib_a-impure.o)
                                        0x598 (size before relaxing)
 .debug_str     0x0000000000003209       0x96 /usr/lib/gcc/arm-none-eabi/8.3.1/../../../arm-none-eabi/lib/thumb/v7-m/nofp/libg.a(lib_a-init.o)
                                        0x21c (size before relaxing)
 .debug_str     0x000000000000329f      0x313 /usr/lib/gcc/arm-none-eabi/8.3.1/../../../arm-none-eabi/lib/thumb/v7-m/nofp/libg.a(lib_a-memset.o)
                                        0x8c5 (size before relaxing)
 .debug_str     0x00000000000035b2       0x54 /usr/lib/gcc/arm-none-eabi/8.3.1/../../../arm-none-eabi/lib/thumb/v7-m/nofp/libg.a(lib_a-__atexit.o)
                                        0x601 (size before relaxing)
 .debug_str     0x0000000000003606       0x79 /usr/lib/gcc/arm-none-eabi/8.3.1/../../../arm-none-eabi/lib/thumb/v7-m/nofp/libg.a(lib_a-__call_atexit.o)
                                        0x614 (size before relaxing)

.debug_frame    0x0000000000000000     0x26c4
 .debug_frame   0x0000000000000000      0x104 CMakeFiles/cube.elf.dir/Core/Src/main.c.obj
 .debug_frame   0x0000000000000104       0x80 CMakeFiles/cube.elf.dir/Core/Src/sid.c.obj
 .debug_frame   0x0000000000000184       0x80 CMakeFiles/cube.elf.dir/Core/Src/stm32f1xx_hal_msp.c.obj
 .debug_frame   0x0000000000000204       0x74 CMakeFiles/cube.elf.dir/Core/Src/stm32f1xx_hal_timebase_tim.c.obj
 .debug_frame   0x0000000000000278      0x148 CMakeFiles/cube.elf.dir/Core/Src/stm32f1xx_it.c.obj
 .debug_frame   0x00000000000003c0       0x58 CMakeFiles/cube.elf.dir/Core/Src/system_stm32f1xx.c.obj
 .debug_frame   0x0000000000000418      0x334 CMakeFiles/cube.elf.dir/Drivers/STM32F1xx_HAL_Driver/Src/stm32f1xx_hal.c.obj
 .debug_frame   0x000000000000074c      0x428 CMakeFiles/cube.elf.dir/Drivers/STM32F1xx_HAL_Driver/Src/stm32f1xx_hal_cortex.c.obj
 .debug_frame   0x0000000000000b74      0x14c CMakeFiles/cube.elf.dir/Drivers/STM32F1xx_HAL_Driver/Src/stm32f1xx_hal_gpio.c.obj
 .debug_frame   0x0000000000000cc0      0x21c CMakeFiles/cube.elf.dir/Drivers/STM32F1xx_HAL_Driver/Src/stm32f1xx_hal_rcc.c.obj
 .debug_frame   0x0000000000000edc     0x10e8 CMakeFiles/cube.elf.dir/Drivers/STM32F1xx_HAL_Driver/Src/stm32f1xx_hal_tim.c.obj
 .debug_frame   0x0000000000001fc4      0x5c0 CMakeFiles/cube.elf.dir/Drivers/STM32F1xx_HAL_Driver/Src/stm32f1xx_hal_tim_ex.c.obj
 .debug_frame   0x0000000000002584       0x20 /usr/lib/gcc/arm-none-eabi/8.3.1/../../../arm-none-eabi/lib/thumb/v7-m/nofp/libg.a(lib_a-atexit.o)
 .debug_frame   0x00000000000025a4       0x34 /usr/lib/gcc/arm-none-eabi/8.3.1/../../../arm-none-eabi/lib/thumb/v7-m/nofp/libg.a(lib_a-fini.o)
 .debug_frame   0x00000000000025d8       0x2c /usr/lib/gcc/arm-none-eabi/8.3.1/../../../arm-none-eabi/lib/thumb/v7-m/nofp/libg.a(lib_a-init.o)
 .debug_frame   0x0000000000002604       0x38 /usr/lib/gcc/arm-none-eabi/8.3.1/../../../arm-none-eabi/lib/thumb/v7-m/nofp/libg.a(lib_a-memset.o)
 .debug_frame   0x000000000000263c       0x38 /usr/lib/gcc/arm-none-eabi/8.3.1/../../../arm-none-eabi/lib/thumb/v7-m/nofp/libg.a(lib_a-__atexit.o)
 .debug_frame   0x0000000000002674       0x50 /usr/lib/gcc/arm-none-eabi/8.3.1/../../../arm-none-eabi/lib/thumb/v7-m/nofp/libg.a(lib_a-__call_atexit.o)

.debug_loc      0x0000000000000000      0x607
 .debug_loc     0x0000000000000000       0x32 /usr/lib/gcc/arm-none-eabi/8.3.1/../../../arm-none-eabi/lib/thumb/v7-m/nofp/libg.a(lib_a-atexit.o)
 .debug_loc     0x0000000000000032       0x68 /usr/lib/gcc/arm-none-eabi/8.3.1/../../../arm-none-eabi/lib/thumb/v7-m/nofp/libg.a(lib_a-fini.o)
 .debug_loc     0x000000000000009a       0xba /usr/lib/gcc/arm-none-eabi/8.3.1/../../../arm-none-eabi/lib/thumb/v7-m/nofp/libg.a(lib_a-init.o)
 .debug_loc     0x0000000000000154      0x231 /usr/lib/gcc/arm-none-eabi/8.3.1/../../../arm-none-eabi/lib/thumb/v7-m/nofp/libg.a(lib_a-memset.o)
 .debug_loc     0x0000000000000385      0x138 /usr/lib/gcc/arm-none-eabi/8.3.1/../../../arm-none-eabi/lib/thumb/v7-m/nofp/libg.a(lib_a-__atexit.o)
 .debug_loc     0x00000000000004bd      0x14a /usr/lib/gcc/arm-none-eabi/8.3.1/../../../arm-none-eabi/lib/thumb/v7-m/nofp/libg.a(lib_a-__call_atexit.o)
